Archive member included to satisfy reference by file (symbol)

c:/program files (x86)/atmel/studio/7.0/toolchain/arm/arm-gnu-toolchain/bin/../lib/gcc/arm-none-eabi/6.3.1/../../../../arm-none-eabi/lib/thumb/v7e-m\libc.a(lib_a-exit.o)
                              c:/program files (x86)/atmel/studio/7.0/toolchain/arm/arm-gnu-toolchain/bin/../lib/gcc/arm-none-eabi/6.3.1/../../../../arm-none-eabi/lib/thumb/v7e-m/crt0.o (exit)
c:/program files (x86)/atmel/studio/7.0/toolchain/arm/arm-gnu-toolchain/bin/../lib/gcc/arm-none-eabi/6.3.1/../../../../arm-none-eabi/lib/thumb/v7e-m\libc.a(lib_a-impure.o)
                              c:/program files (x86)/atmel/studio/7.0/toolchain/arm/arm-gnu-toolchain/bin/../lib/gcc/arm-none-eabi/6.3.1/../../../../arm-none-eabi/lib/thumb/v7e-m\libc.a(lib_a-exit.o) (_global_impure_ptr)
c:/program files (x86)/atmel/studio/7.0/toolchain/arm/arm-gnu-toolchain/bin/../lib/gcc/arm-none-eabi/6.3.1/../../../../arm-none-eabi/lib/thumb/v7e-m\libc.a(lib_a-init.o)
                              c:/program files (x86)/atmel/studio/7.0/toolchain/arm/arm-gnu-toolchain/bin/../lib/gcc/arm-none-eabi/6.3.1/../../../../arm-none-eabi/lib/thumb/v7e-m/crt0.o (__libc_init_array)
c:/program files (x86)/atmel/studio/7.0/toolchain/arm/arm-gnu-toolchain/bin/../lib/gcc/arm-none-eabi/6.3.1/../../../../arm-none-eabi/lib/thumb/v7e-m\libc.a(lib_a-memset.o)
                              c:/program files (x86)/atmel/studio/7.0/toolchain/arm/arm-gnu-toolchain/bin/../lib/gcc/arm-none-eabi/6.3.1/../../../../arm-none-eabi/lib/thumb/v7e-m/crt0.o (memset)
c:/program files (x86)/atmel/studio/7.0/toolchain/arm/arm-gnu-toolchain/bin/../lib/gcc/arm-none-eabi/6.3.1/../../../../arm-none-eabi/lib/thumb/v7e-m\libc.a(lib_a-setbuf.o)
                              src/main.o (setbuf)
c:/program files (x86)/atmel/studio/7.0/toolchain/arm/arm-gnu-toolchain/bin/../lib/gcc/arm-none-eabi/6.3.1/../../../../arm-none-eabi/lib/thumb/v7e-m\libc.a(lib_a-setvbuf.o)
                              c:/program files (x86)/atmel/studio/7.0/toolchain/arm/arm-gnu-toolchain/bin/../lib/gcc/arm-none-eabi/6.3.1/../../../../arm-none-eabi/lib/thumb/v7e-m\libc.a(lib_a-setbuf.o) (setvbuf)
c:/program files (x86)/atmel/studio/7.0/toolchain/arm/arm-gnu-toolchain/bin/../lib/gcc/arm-none-eabi/6.3.1/../../../../arm-none-eabi/lib/thumb/v7e-m\libc.a(lib_a-__call_atexit.o)
                              c:/program files (x86)/atmel/studio/7.0/toolchain/arm/arm-gnu-toolchain/bin/../lib/gcc/arm-none-eabi/6.3.1/../../../../arm-none-eabi/lib/thumb/v7e-m\libc.a(lib_a-exit.o) (__call_exitprocs)
c:/program files (x86)/atmel/studio/7.0/toolchain/arm/arm-gnu-toolchain/bin/../lib/gcc/arm-none-eabi/6.3.1/../../../../arm-none-eabi/lib/thumb/v7e-m\libc.a(lib_a-atexit.o)
                              c:/program files (x86)/atmel/studio/7.0/toolchain/arm/arm-gnu-toolchain/bin/../lib/gcc/arm-none-eabi/6.3.1/../../../../arm-none-eabi/lib/thumb/v7e-m\libc.a(lib_a-__call_atexit.o) (atexit)
c:/program files (x86)/atmel/studio/7.0/toolchain/arm/arm-gnu-toolchain/bin/../lib/gcc/arm-none-eabi/6.3.1/../../../../arm-none-eabi/lib/thumb/v7e-m\libc.a(lib_a-fflush.o)
                              c:/program files (x86)/atmel/studio/7.0/toolchain/arm/arm-gnu-toolchain/bin/../lib/gcc/arm-none-eabi/6.3.1/../../../../arm-none-eabi/lib/thumb/v7e-m\libc.a(lib_a-setvbuf.o) (_fflush_r)
c:/program files (x86)/atmel/studio/7.0/toolchain/arm/arm-gnu-toolchain/bin/../lib/gcc/arm-none-eabi/6.3.1/../../../../arm-none-eabi/lib/thumb/v7e-m\libc.a(lib_a-findfp.o)
                              c:/program files (x86)/atmel/studio/7.0/toolchain/arm/arm-gnu-toolchain/bin/../lib/gcc/arm-none-eabi/6.3.1/../../../../arm-none-eabi/lib/thumb/v7e-m\libc.a(lib_a-setvbuf.o) (__sinit)
c:/program files (x86)/atmel/studio/7.0/toolchain/arm/arm-gnu-toolchain/bin/../lib/gcc/arm-none-eabi/6.3.1/../../../../arm-none-eabi/lib/thumb/v7e-m\libc.a(lib_a-fini.o)
                              c:/program files (x86)/atmel/studio/7.0/toolchain/arm/arm-gnu-toolchain/bin/../lib/gcc/arm-none-eabi/6.3.1/../../../../arm-none-eabi/lib/thumb/v7e-m\libc.a(lib_a-__call_atexit.o) (__libc_fini_array)
c:/program files (x86)/atmel/studio/7.0/toolchain/arm/arm-gnu-toolchain/bin/../lib/gcc/arm-none-eabi/6.3.1/../../../../arm-none-eabi/lib/thumb/v7e-m\libc.a(lib_a-freer.o)
                              c:/program files (x86)/atmel/studio/7.0/toolchain/arm/arm-gnu-toolchain/bin/../lib/gcc/arm-none-eabi/6.3.1/../../../../arm-none-eabi/lib/thumb/v7e-m\libc.a(lib_a-setvbuf.o) (_free_r)
c:/program files (x86)/atmel/studio/7.0/toolchain/arm/arm-gnu-toolchain/bin/../lib/gcc/arm-none-eabi/6.3.1/../../../../arm-none-eabi/lib/thumb/v7e-m\libc.a(lib_a-fwalk.o)
                              c:/program files (x86)/atmel/studio/7.0/toolchain/arm/arm-gnu-toolchain/bin/../lib/gcc/arm-none-eabi/6.3.1/../../../../arm-none-eabi/lib/thumb/v7e-m\libc.a(lib_a-findfp.o) (_fwalk)
[...]
Memory Configuration

Name             Origin             Length             Attributes
rom              0x00400000         0x00100000         xr
ram              0x20000000         0x00014000         xrw
*default*        0x00000000         0xffffffff

Linker script and memory map

LOAD c:/program files (x86)/atmel/studio/7.0/toolchain/arm/arm-gnu-toolchain/bin/../lib/gcc/arm-none-eabi/6.3.1/thumb/v7e-m/crti.o
LOAD c:/program files (x86)/atmel/studio/7.0/toolchain/arm/arm-gnu-toolchain/bin/../lib/gcc/arm-none-eabi/6.3.1/thumb/v7e-m/crtbegin.o
LOAD c:/program files (x86)/atmel/studio/7.0/toolchain/arm/arm-gnu-toolchain/bin/../lib/gcc/arm-none-eabi/6.3.1/../../../../arm-none-eabi/lib/thumb/v7e-m/crt0.o
LOAD src/ASF/common/services/sleepmgr/sam/sleepmgr.o
LOAD src/ASF/sam/drivers/adc/adc2.o
LOAD src/ASF/common/utils/stdio/read.o
LOAD src/ASF/sam/drivers/usart/usart.o
LOAD src/ASF/common/utils/stdio/write.o
LOAD src/ASF/common/services/serial/usart_serial.o
LOAD src/ASF/common/services/clock/sam4n/sysclk.o
LOAD src/ASF/sam/drivers/pmc/pmc.o
LOAD src/ASF/sam/drivers/uart/uart.o
LOAD src/ASF/sam/drivers/pmc/sleep.o
LOAD src/ASF/common/boards/user_board/init.o
LOAD src/ASF/common/utils/interrupt/interrupt_sam_nvic.o
LOAD src/ASF/sam/utils/cmsis/sam4n/source/templates/exceptions.o
LOAD src/ASF/sam/utils/cmsis/sam4n/source/templates/gcc/startup_sam4n.o
LOAD src/ASF/sam/utils/cmsis/sam4n/source/templates/system_sam4n.o
LOAD src/ASF/sam/utils/syscalls/gcc/syscalls.o
LOAD src/main.o
START GROUP
LOAD ../src/ASF/thirdparty/CMSIS/Lib/GCC\libarm_cortexM4l_math.a
LOAD c:/program files (x86)/atmel/studio/7.0/toolchain/arm/arm-gnu-toolchain/bin/../lib/gcc/arm-none-eabi/6.3.1/../../../../arm-none-eabi/lib/thumb/v7e-m\libm.a
END GROUP
START GROUP
LOAD c:/program files (x86)/atmel/studio/7.0/toolchain/arm/arm-gnu-toolchain/bin/../lib/gcc/arm-none-eabi/6.3.1/thumb/v7e-m\libgcc.a
LOAD c:/program files (x86)/atmel/studio/7.0/toolchain/arm/arm-gnu-toolchain/bin/../lib/gcc/arm-none-eabi/6.3.1/../../../../arm-none-eabi/lib/thumb/v7e-m\libc.a
END GROUP
LOAD c:/program files (x86)/atmel/studio/7.0/toolchain/arm/arm-gnu-toolchain/bin/../lib/gcc/arm-none-eabi/6.3.1/thumb/v7e-m/crtend.o
LOAD c:/program files (x86)/atmel/studio/7.0/toolchain/arm/arm-gnu-toolchain/bin/../lib/gcc/arm-none-eabi/6.3.1/thumb/v7e-m/crtn.o
                0x00003000                __stack_size__ = DEFINED (__stack_size__)?__stack_size__:0x3000
                0x20013ffc                __ram_end__ = ((ORIGIN (ram) + LENGTH (ram)) - 0x4)

.text           0x00400000     0x1ce4
                0x00400000                . = ALIGN (0x4)
                0x00400000                _sfixed = .
 *(.vectors .vectors.*)
 .vectors       0x00400000       0xc0 src/ASF/sam/utils/cmsis/sam4n/source/templates/gcc/startup_sam4n.o
                0x00400000                exception_table
 *(.text .text.* .gnu.linkonce.t.*)
 .text          0x004000c0       0x6c c:/program files (x86)/atmel/studio/7.0/toolchain/arm/arm-gnu-toolchain/bin/../lib/gcc/arm-none-eabi/6.3.1/thumb/v7e-m/crtbegin.o
 .text.adc_get_config_defaults
                0x0040012c       0x28 src/ASF/sam/drivers/adc/adc2.o
                0x0040012c                adc_get_config_defaults
 .text.adc_set_resolution
                0x00400154       0x2c src/ASF/sam/drivers/adc/adc2.o
                0x00400154                adc_set_resolution
 .text.adc_init
                0x00400180       0x88 src/ASF/sam/drivers/adc/adc2.o
                0x00400180                adc_init
 .text.ADC_Handler
                0x00400208       0x40 src/ASF/sam/drivers/adc/adc2.o
                0x00400208                ADC_Handler
 .text.adc_enable
                0x00400248       0x58 src/ASF/sam/drivers/adc/adc2.o
                0x00400248                adc_enable
 .text._read    0x004002a0       0x3c src/ASF/common/utils/stdio/read.o
                0x004002a0                _read
 .text.usart_write
                0x004002dc       0x14 src/ASF/sam/drivers/usart/usart.o
                0x004002dc                usart_write
 .text.usart_read
                0x004002f0       0x18 src/ASF/sam/drivers/usart/usart.o
                0x004002f0                usart_read
 .text._write   0x00400308       0x50 src/ASF/common/utils/stdio/write.o
                0x00400308                _write
 .text.usart_serial_read_packet
                0x00400358       0xf0 src/ASF/common/services/serial/usart_serial.o
                0x00400358                usart_serial_read_packet
 .text.sysclk_init
                0x00400448       0x64 src/ASF/common/services/clock/sam4n/sysclk.o
                0x00400448                sysclk_init
 .text.pmc_switch_mck_to_pllack
                0x004004ac       0x64 src/ASF/sam/drivers/pmc/pmc.o
                0x004004ac                pmc_switch_mck_to_pllack
 .text.pmc_switch_mainck_to_fastrc
                0x00400510       0x4c src/ASF/sam/drivers/pmc/pmc.o
                0x00400510                pmc_switch_mainck_to_fastrc
 .text.pmc_osc_is_ready_mainck
                0x0040055c       0x10 src/ASF/sam/drivers/pmc/pmc.o
                0x0040055c                pmc_osc_is_ready_mainck
 .text.pmc_disable_pllack
                0x0040056c       0x10 src/ASF/sam/drivers/pmc/pmc.o
                0x0040056c                pmc_disable_pllack
 .text.pmc_is_locked_pllack
                0x0040057c       0x10 src/ASF/sam/drivers/pmc/pmc.o
                0x0040057c                pmc_is_locked_pllack
 .text.pmc_enable_periph_clk
                0x0040058c       0x2c src/ASF/sam/drivers/pmc/pmc.o
                0x0040058c                pmc_enable_periph_clk
 .text.uart_init
                0x004005b8       0x36 src/ASF/sam/drivers/uart/uart.o
                0x004005b8                uart_init
 .text.uart_write
                0x004005ee       0x10 src/ASF/sam/drivers/uart/uart.o
                0x004005ee                uart_write
 .text.uart_read
                0x004005fe       0x12 src/ASF/sam/drivers/uart/uart.o
                0x004005fe                uart_read
 .text.board_init
                0x00400610       0x64 src/ASF/common/boards/user_board/init.o
                0x00400610                board_init
 .text.Dummy_Handler
                0x00400674        0x2 src/ASF/sam/utils/cmsis/sam4n/source/templates/exceptions.o
                0x00400674                DACC_Handler
                0x00400674                DebugMon_Handler
                0x00400674                UART3_Handler
                0x00400674                UART2_Handler
                0x00400674                HardFault_Handler
                0x00400674                TC2_Handler
                0x00400674                SPI_Handler
                0x00400674                SysTick_Handler
                0x00400674                TWI1_Handler
                0x00400674                PendSV_Handler
                0x00400674                NMI_Handler
                0x00400674                USART0_Handler
                0x00400674                RTT_Handler
                0x00400674                PIOB_Handler
                0x00400674                RTC_Handler
                0x00400674                UsageFault_Handler
                0x00400674                WDT_Handler
                0x00400674                TC4_Handler
                0x00400674                TC1_Handler
                0x00400674                UART1_Handler
                0x00400674                TC3_Handler
                0x00400674                Dummy_Handler
                0x00400674                TWI0_Handler
                0x00400674                TWI2_Handler
                0x00400674                USART1_Handler
                0x00400674                PIOA_Handler
                0x00400674                PMC_Handler
                0x00400674                PWM_Handler
                0x00400674                MemManage_Handler
                0x00400674                SUPC_Handler
                0x00400674                SVC_Handler
                0x00400674                EFC_Handler
                0x00400674                USART2_Handler
                0x00400674                UART0_Handler
                0x00400674                PIOC_Handler
                0x00400674                BusFault_Handler
                0x00400674                RSTC_Handler
                0x00400674                TC0_Handler
                0x00400674                TC5_Handler
 *fill*         0x00400676        0x2 
 .text.Reset_Handler
                0x00400678       0x84 src/ASF/sam/utils/cmsis/sam4n/source/templates/gcc/startup_sam4n.o
                0x00400678                Reset_Handler
 .text.SystemCoreClockUpdate
                0x004006fc      0x10c src/ASF/sam/utils/cmsis/sam4n/source/templates/system_sam4n.o
                0x004006fc                SystemCoreClockUpdate
 .text.system_init_flash
                0x00400808       0x60 src/ASF/sam/utils/cmsis/sam4n/source/templates/system_sam4n.o
                0x00400808                system_init_flash
 .text._sbrk    0x00400868       0x38 src/ASF/sam/utils/syscalls/gcc/syscalls.o
                0x00400868                _sbrk
 .text._close   0x004008a0        0x6 src/ASF/sam/utils/syscalls/gcc/syscalls.o
                0x004008a0                _close
 .text._fstat   0x004008a6        0xa src/ASF/sam/utils/syscalls/gcc/syscalls.o
                0x004008a6                _fstat
 .text._lseek   0x004008b0        0x4 src/ASF/sam/utils/syscalls/gcc/syscalls.o
                0x004008b0                _lseek
 .text.usart_serial_getchar
                0x004008b4       0xdc src/main.o
 .text.usart_serial_putchar
                0x00400990       0xd4 src/main.o
 .text.main     0x00400a64      0x100 src/main.o
                0x00400a64                main
 .text.__libc_init_array
                0x00400b64       0x50 c:/program files (x86)/atmel/studio/7.0/toolchain/arm/arm-gnu-toolchain/bin/../lib/gcc/arm-none-eabi/6.3.1/../../../../arm-none-eabi/lib/thumb/v7e-m\libc.a(lib_a-init.o)
                0x00400b64                __libc_init_array
 .text.memset   0x00400bb4       0x9c c:/program files (x86)/atmel/studio/7.0/toolchain/arm/arm-gnu-toolchain/bin/../lib/gcc/arm-none-eabi/6.3.1/../../../../arm-none-eabi/lib/thumb/v7e-m\libc.a(lib_a-memset.o)
                0x00400bb4                memset
 .text.setbuf   0x00400c50       0x10 c:/program files (x86)/atmel/studio/7.0/toolchain/arm/arm-gnu-toolchain/bin/../lib/gcc/arm-none-eabi/6.3.1/../../../../arm-none-eabi/lib/thumb/v7e-m\libc.a(lib_a-setbuf.o)
                0x00400c50                setbuf
 .text.setvbuf  0x00400c60      0x190 c:/program files (x86)/atmel/studio/7.0/toolchain/arm/arm-gnu-toolchain/bin/../lib/gcc/arm-none-eabi/6.3.1/../../../../arm-none-eabi/lib/thumb/v7e-m\libc.a(lib_a-setvbuf.o)
                0x00400c60                setvbuf
 .text.startup.register_fini
                0x00400df0       0x14 c:/program files (x86)/atmel/studio/7.0/toolchain/arm/arm-gnu-toolchain/bin/../lib/gcc/arm-none-eabi/6.3.1/../../../../arm-none-eabi/lib/thumb/v7e-m\libc.a(lib_a-__call_atexit.o)
 .text.atexit   0x00400e04        0xc c:/program files (x86)/atmel/studio/7.0/toolchain/arm/arm-gnu-toolchain/bin/../lib/gcc/arm-none-eabi/6.3.1/../../../../arm-none-eabi/lib/thumb/v7e-m\libc.a(lib_a-atexit.o)
                0x00400e04                atexit
 .text.__sflush_r
                0x00400e10      0x140 c:/program files (x86)/atmel/studio/7.0/toolchain/arm/arm-gnu-toolchain/bin/../lib/gcc/arm-none-eabi/6.3.1/../../../../arm-none-eabi/lib/thumb/v7e-m\libc.a(lib_a-fflush.o)
                0x00400e10                __sflush_r
 .text._fflush_r
                0x00400f50       0x54 c:/program files (x86)/atmel/studio/7.0/toolchain/arm/arm-gnu-toolchain/bin/../lib/gcc/arm-none-eabi/6.3.1/../../../../arm-none-eabi/lib/thumb/v7e-m\libc.a(lib_a-fflush.o)
                0x00400f50                _fflush_r
 .text._cleanup_r
                0x00400fa4        0xc c:/program files (x86)/atmel/studio/7.0/toolchain/arm/arm-gnu-toolchain/bin/../lib/gcc/arm-none-eabi/6.3.1/../../../../arm-none-eabi/lib/thumb/v7e-m\libc.a(lib_a-findfp.o)
                0x00400fa4                _cleanup_r
 .text.std.isra.0
                0x00400fb0       0x50 c:/program files (x86)/atmel/studio/7.0/toolchain/arm/arm-gnu-toolchain/bin/../lib/gcc/arm-none-eabi/6.3.1/../../../../arm-none-eabi/lib/thumb/v7e-m\libc.a(lib_a-findfp.o)
 .text.__sinit  0x00401000       0x58 c:/program files (x86)/atmel/studio/7.0/toolchain/arm/arm-gnu-toolchain/bin/../lib/gcc/arm-none-eabi/6.3.1/../../../../arm-none-eabi/lib/thumb/v7e-m\libc.a(lib_a-findfp.o)
                0x00401000                __sinit
 .text.__sfp_lock_acquire
                0x00401058        0xc c:/program files (x86)/atmel/studio/7.0/toolchain/arm/arm-gnu-toolchain/bin/../lib/gcc/arm-none-eabi/6.3.1/../../../../arm-none-eabi/lib/thumb/v7e-m\libc.a(lib_a-findfp.o)
                0x00401058                __sfp_lock_acquire
 .text.__sfp_lock_release
                0x00401064        0xc c:/program files (x86)/atmel/studio/7.0/toolchain/arm/arm-gnu-toolchain/bin/../lib/gcc/arm-none-eabi/6.3.1/../../../../arm-none-eabi/lib/thumb/v7e-m\libc.a(lib_a-findfp.o)
                0x00401064                __sfp_lock_release
 .text.__libc_fini_array
                0x00401070       0x34 c:/program files (x86)/atmel/studio/7.0/toolchain/arm/arm-gnu-toolchain/bin/../lib/gcc/arm-none-eabi/6.3.1/../../../../arm-none-eabi/lib/thumb/v7e-m\libc.a(lib_a-fini.o)
                0x00401070                __libc_fini_array
 .text._malloc_trim_r
                0x004010a4       0xa0 c:/program files (x86)/atmel/studio/7.0/toolchain/arm/arm-gnu-toolchain/bin/../lib/gcc/arm-none-eabi/6.3.1/../../../../arm-none-eabi/lib/thumb/v7e-m\libc.a(lib_a-freer.o)
                0x004010a4                _malloc_trim_r
 .text._free_r  0x00401144      0x1cc c:/program files (x86)/atmel/studio/7.0/toolchain/arm/arm-gnu-toolchain/bin/../lib/gcc/arm-none-eabi/6.3.1/../../../../arm-none-eabi/lib/thumb/v7e-m\libc.a(lib_a-freer.o)
                0x00401144                _free_r
 .text._fwalk_reent
                0x00401310       0x54 c:/program files (x86)/atmel/studio/7.0/toolchain/arm/arm-gnu-toolchain/bin/../lib/gcc/arm-none-eabi/6.3.1/../../../../arm-none-eabi/lib/thumb/v7e-m\libc.a(lib_a-fwalk.o)
                0x00401310                _fwalk_reent
 .text.__retarget_lock_init_recursive
                0x00401364        0x4 c:/program files (x86)/atmel/studio/7.0/toolchain/arm/arm-gnu-toolchain/bin/../lib/gcc/arm-none-eabi/6.3.1/../../../../arm-none-eabi/lib/thumb/v7e-m\libc.a(lib_a-lock.o)
                0x00401364                __retarget_lock_init_recursive
 .text.__retarget_lock_close_recursive
                0x00401368        0x4 c:/program files (x86)/atmel/studio/7.0/toolchain/arm/arm-gnu-toolchain/bin/../lib/gcc/arm-none-eabi/6.3.1/../../../../arm-none-eabi/lib/thumb/v7e-m\libc.a(lib_a-lock.o)
                0x00401368                __retarget_lock_close_recursive
 .text.__retarget_lock_acquire_recursive
                0x0040136c        0x4 c:/program files (x86)/atmel/studio/7.0/toolchain/arm/arm-gnu-toolchain/bin/../lib/gcc/arm-none-eabi/6.3.1/../../../../arm-none-eabi/lib/thumb/v7e-m\libc.a(lib_a-lock.o)
                0x0040136c                __retarget_lock_acquire_recursive
 .text.__retarget_lock_release_recursive
                0x00401370        0x4 c:/program files (x86)/atmel/studio/7.0/toolchain/arm/arm-gnu-toolchain/bin/../lib/gcc/arm-none-eabi/6.3.1/../../../../arm-none-eabi/lib/thumb/v7e-m\libc.a(lib_a-lock.o)
                0x00401370                __retarget_lock_release_recursive
 .text.__swhatbuf_r
                0x00401374       0x5c c:/program files (x86)/atmel/studio/7.0/toolchain/arm/arm-gnu-toolchain/bin/../lib/gcc/arm-none-eabi/6.3.1/../../../../arm-none-eabi/lib/thumb/v7e-m\libc.a(lib_a-makebuf.o)
                0x00401374                __swhatbuf_r
 .text.malloc   0x004013d0       0x10 c:/program files (x86)/atmel/studio/7.0/toolchain/arm/arm-gnu-toolchain/bin/../lib/gcc/arm-none-eabi/6.3.1/../../../../arm-none-eabi/lib/thumb/v7e-m\libc.a(lib_a-malloc.o)
                0x004013d0                malloc
 .text._malloc_r
                0x004013e0      0x560 c:/program files (x86)/atmel/studio/7.0/toolchain/arm/arm-gnu-toolchain/bin/../lib/gcc/arm-none-eabi/6.3.1/../../../../arm-none-eabi/lib/thumb/v7e-m\libc.a(lib_a-mallocr.o)
                0x004013e0                _malloc_r
 .text.__malloc_lock
                0x00401940        0xc c:/program files (x86)/atmel/studio/7.0/toolchain/arm/arm-gnu-toolchain/bin/../lib/gcc/arm-none-eabi/6.3.1/../../../../arm-none-eabi/lib/thumb/v7e-m\libc.a(lib_a-mlock.o)
                0x00401940                __malloc_lock
 .text.__malloc_unlock
                0x0040194c        0xc c:/program files (x86)/atmel/studio/7.0/toolchain/arm/arm-gnu-toolchain/bin/../lib/gcc/arm-none-eabi/6.3.1/../../../../arm-none-eabi/lib/thumb/v7e-m\libc.a(lib_a-mlock.o)
                0x0040194c                __malloc_unlock
 .text._sbrk_r  0x00401958       0x24 c:/program files (x86)/atmel/studio/7.0/toolchain/arm/arm-gnu-toolchain/bin/../lib/gcc/arm-none-eabi/6.3.1/../../../../arm-none-eabi/lib/thumb/v7e-m\libc.a(lib_a-sbrkr.o)
                0x00401958                _sbrk_r
 .text.__sread  0x0040197c       0x24 c:/program files (x86)/atmel/studio/7.0/toolchain/arm/arm-gnu-toolchain/bin/../lib/gcc/arm-none-eabi/6.3.1/../../../../arm-none-eabi/lib/thumb/v7e-m\libc.a(lib_a-stdio.o)
                0x0040197c                __sread
 .text.__swrite
                0x004019a0       0x3c c:/program files (x86)/atmel/studio/7.0/toolchain/arm/arm-gnu-toolchain/bin/../lib/gcc/arm-none-eabi/6.3.1/../../../../arm-none-eabi/lib/thumb/v7e-m\libc.a(lib_a-stdio.o)
                0x004019a0                __swrite
 .text.__sseek  0x004019dc       0x20 c:/program files (x86)/atmel/studio/7.0/toolchain/arm/arm-gnu-toolchain/bin/../lib/gcc/arm-none-eabi/6.3.1/../../../../arm-none-eabi/lib/thumb/v7e-m\libc.a(lib_a-stdio.o)
                0x004019dc                __sseek
 .text.__sclose
                0x004019fc        0x8 c:/program files (x86)/atmel/studio/7.0/toolchain/arm/arm-gnu-toolchain/bin/../lib/gcc/arm-none-eabi/6.3.1/../../../../arm-none-eabi/lib/thumb/v7e-m\libc.a(lib_a-stdio.o)
                0x004019fc                __sclose
 .text._write_r
                0x00401a04       0x2c c:/program files (x86)/atmel/studio/7.0/toolchain/arm/arm-gnu-toolchain/bin/../lib/gcc/arm-none-eabi/6.3.1/../../../../arm-none-eabi/lib/thumb/v7e-m\libc.a(lib_a-writer.o)
                0x00401a04                _write_r
 .text.__register_exitproc
                0x00401a30       0xc4 c:/program files (x86)/atmel/studio/7.0/toolchain/arm/arm-gnu-toolchain/bin/../lib/gcc/arm-none-eabi/6.3.1/../../../../arm-none-eabi/lib/thumb/v7e-m\libc.a(lib_a-__atexit.o)
                0x00401a30                __register_exitproc
 .text._close_r
                0x00401af4       0x24 c:/program files (x86)/atmel/studio/7.0/toolchain/arm/arm-gnu-toolchain/bin/../lib/gcc/arm-none-eabi/6.3.1/../../../../arm-none-eabi/lib/thumb/v7e-m\libc.a(lib_a-closer.o)
                0x00401af4                _close_r
 .text._fclose_r
                0x00401b18       0xc4 c:/program files (x86)/atmel/studio/7.0/toolchain/arm/arm-gnu-toolchain/bin/../lib/gcc/arm-none-eabi/6.3.1/../../../../arm-none-eabi/lib/thumb/v7e-m\libc.a(lib_a-fclose.o)
                0x00401b18                _fclose_r
 .text._fstat_r
                0x00401bdc       0x28 c:/program files (x86)/atmel/studio/7.0/toolchain/arm/arm-gnu-toolchain/bin/../lib/gcc/arm-none-eabi/6.3.1/../../../../arm-none-eabi/lib/thumb/v7e-m\libc.a(lib_a-fstatr.o)
                0x00401bdc                _fstat_r
 .text._lseek_r
                0x00401c04       0x2c c:/program files (x86)/atmel/studio/7.0/toolchain/arm/arm-gnu-toolchain/bin/../lib/gcc/arm-none-eabi/6.3.1/../../../../arm-none-eabi/lib/thumb/v7e-m\libc.a(lib_a-lseekr.o)
                0x00401c04                _lseek_r
 .text._read_r  0x00401c30       0x2c c:/program files (x86)/atmel/studio/7.0/toolchain/arm/arm-gnu-toolchain/bin/../lib/gcc/arm-none-eabi/6.3.1/../../../../arm-none-eabi/lib/thumb/v7e-m\libc.a(lib_a-readr.o)
                0x00401c30                _read_r
 *(.glue_7t)
 .glue_7t       0x00401c5c        0x0 linker stubs
 *(.glue_7)
 .glue_7        0x00401c5c        0x0 linker stubs
 *(.rodata .rodata* .gnu.linkonce.r.*)
 .rodata.adc_interrupt_mask
                0x00401c5c       0x60 src/ASF/sam/drivers/adc/adc2.o
                0x00401c5c                adc_interrupt_mask
 .rodata._global_impure_ptr
                0x00401cbc        0x4 c:/program files (x86)/atmel/studio/7.0/toolchain/arm/arm-gnu-toolchain/bin/../lib/gcc/arm-none-eabi/6.3.1/../../../../arm-none-eabi/lib/thumb/v7e-m\libc.a(lib_a-impure.o)
                0x00401cbc                _global_impure_ptr
 *(.ARM.extab* .gnu.linkonce.armextab.*)
                0x00401cc0                . = ALIGN (0x4)
 *(.init)
 .init          0x00401cc0        0x4 c:/program files (x86)/atmel/studio/7.0/toolchain/arm/arm-gnu-toolchain/bin/../lib/gcc/arm-none-eabi/6.3.1/thumb/v7e-m/crti.o
                0x00401cc0                _init
 .init          0x00401cc4        0x8 c:/program files (x86)/atmel/studio/7.0/toolchain/arm/arm-gnu-toolchain/bin/../lib/gcc/arm-none-eabi/6.3.1/thumb/v7e-m/crtn.o
                0x00401ccc                . = ALIGN (0x4)
                0x00401ccc                __preinit_array_start = .
 *(.preinit_array)
                0x00401ccc                __preinit_array_end = .
                0x00401ccc                . = ALIGN (0x4)
                0x00401ccc                __init_array_start = .
 *(SORT(.init_array.*))
 .init_array.00000
                0x00401ccc        0x4 c:/program files (x86)/atmel/studio/7.0/toolchain/arm/arm-gnu-toolchain/bin/../lib/gcc/arm-none-eabi/6.3.1/../../../../arm-none-eabi/lib/thumb/v7e-m\libc.a(lib_a-__call_atexit.o)
 *(.init_array)
 .init_array    0x00401cd0        0x4 c:/program files (x86)/atmel/studio/7.0/toolchain/arm/arm-gnu-toolchain/bin/../lib/gcc/arm-none-eabi/6.3.1/thumb/v7e-m/crtbegin.o
                0x00401cd4                __init_array_end = .
                0x00401cd4                . = ALIGN (0x4)
 *crtbegin.o(.ctors)
 *(EXCLUDE_FILE(*crtend.o) .ctors)
 *(SORT(.ctors.*))
 *crtend.o(.ctors)
                0x00401cd4                . = ALIGN (0x4)
 *(.fini)
 .fini          0x00401cd4        0x4 c:/program files (x86)/atmel/studio/7.0/toolchain/arm/arm-gnu-toolchain/bin/../lib/gcc/arm-none-eabi/6.3.1/thumb/v7e-m/crti.o
                0x00401cd4                _fini
 .fini          0x00401cd8        0x8 c:/program files (x86)/atmel/studio/7.0/toolchain/arm/arm-gnu-toolchain/bin/../lib/gcc/arm-none-eabi/6.3.1/thumb/v7e-m/crtn.o
                0x00401ce0                . = ALIGN (0x4)
                0x00401ce0                __fini_array_start = .
 *(.fini_array)
 .fini_array    0x00401ce0        0x4 c:/program files (x86)/atmel/studio/7.0/toolchain/arm/arm-gnu-toolchain/bin/../lib/gcc/arm-none-eabi/6.3.1/thumb/v7e-m/crtbegin.o
 *(SORT(.fini_array.*))
                0x00401ce4                __fini_array_end = .
 *crtbegin.o(.dtors)
 *(EXCLUDE_FILE(*crtend.o) .dtors)
 *(SORT(.dtors.*))
 *crtend.o(.dtors)
                0x00401ce4                . = ALIGN (0x4)
                0x00401ce4                _efixed = .
                [!provide]                PROVIDE (__exidx_start, .)

.vfp11_veneer   0x00401ce4        0x0
 .vfp11_veneer  0x00401ce4        0x0 linker stubs

.v4_bx          0x00401ce4        0x0
 .v4_bx         0x00401ce4        0x0 linker stubs

.iplt           0x00401ce4        0x0
 .iplt          0x00401ce4        0x0 c:/program files (x86)/atmel/studio/7.0/toolchain/arm/arm-gnu-toolchain/bin/../lib/gcc/arm-none-eabi/6.3.1/thumb/v7e-m/crtbegin.o

.eh_frame       0x00401ce4        0x0
 .eh_frame      0x00401ce4        0x0 c:/program files (x86)/atmel/studio/7.0/toolchain/arm/arm-gnu-toolchain/bin/../lib/gcc/arm-none-eabi/6.3.1/thumb/v7e-m/crtbegin.o

.rel.dyn        0x00401ce4        0x0
 .rel.iplt      0x00401ce4        0x0 c:/program files (x86)/atmel/studio/7.0/toolchain/arm/arm-gnu-toolchain/bin/../lib/gcc/arm-none-eabi/6.3.1/thumb/v7e-m/crtbegin.o

.jcr            0x00401ce4        0x0
 .jcr           0x00401ce4        0x0 c:/program files (x86)/atmel/studio/7.0/toolchain/arm/arm-gnu-toolchain/bin/../lib/gcc/arm-none-eabi/6.3.1/thumb/v7e-m/crtbegin.o

.igot.plt       0x00401ce4        0x0
 .igot.plt      0x00401ce4        0x0 c:/program files (x86)/atmel/studio/7.0/toolchain/arm/arm-gnu-toolchain/bin/../lib/gcc/arm-none-eabi/6.3.1/thumb/v7e-m/crtbegin.o

.ARM.exidx
 *(.ARM.exidx* .gnu.linkonce.armexidx.*)
                [!provide]                PROVIDE (__exidx_end, .)
                0x00401ce4                . = ALIGN (0x4)
                0x00401ce4                _etext = .

.relocate       0x20000000      0x85c load address 0x00401ce4
                0x20000000                . = ALIGN (0x4)
                0x20000000                _srelocate = .
 *(.ramfunc .ramfunc.*)
 *(.data .data.*)
 .data.g_interrupt_enabled
                0x20000000        0x1 src/ASF/common/utils/interrupt/interrupt_sam_nvic.o
                0x20000000                g_interrupt_enabled
 *fill*         0x20000001        0x3 
 .data.SystemCoreClock
                0x20000004        0x4 src/ASF/sam/utils/cmsis/sam4n/source/templates/system_sam4n.o
                0x20000004                SystemCoreClock
 .data.usart_options.8179
                0x20000008       0x10 src/main.o
 .data._impure_ptr
                0x20000018        0x4 c:/program files (x86)/atmel/studio/7.0/toolchain/arm/arm-gnu-toolchain/bin/../lib/gcc/arm-none-eabi/6.3.1/../../../../arm-none-eabi/lib/thumb/v7e-m\libc.a(lib_a-impure.o)
                0x20000018                _impure_ptr
 *fill*         0x2000001c        0x4 
 .data.impure_data
                0x20000020      0x428 c:/program files (x86)/atmel/studio/7.0/toolchain/arm/arm-gnu-toolchain/bin/../lib/gcc/arm-none-eabi/6.3.1/../../../../arm-none-eabi/lib/thumb/v7e-m\libc.a(lib_a-impure.o)
 .data.__atexit_recursive_mutex
                0x20000448        0x4 c:/program files (x86)/atmel/studio/7.0/toolchain/arm/arm-gnu-toolchain/bin/../lib/gcc/arm-none-eabi/6.3.1/../../../../arm-none-eabi/lib/thumb/v7e-m\libc.a(lib_a-__call_atexit.o)
                0x20000448                __atexit_recursive_mutex
 .data.__malloc_av_
                0x2000044c      0x408 c:/program files (x86)/atmel/studio/7.0/toolchain/arm/arm-gnu-toolchain/bin/../lib/gcc/arm-none-eabi/6.3.1/../../../../arm-none-eabi/lib/thumb/v7e-m\libc.a(lib_a-mallocr.o)
                0x2000044c                __malloc_av_
 .data.__malloc_sbrk_base
                0x20000854        0x4 c:/program files (x86)/atmel/studio/7.0/toolchain/arm/arm-gnu-toolchain/bin/../lib/gcc/arm-none-eabi/6.3.1/../../../../arm-none-eabi/lib/thumb/v7e-m\libc.a(lib_a-mallocr.o)
                0x20000854                __malloc_sbrk_base
 .data.__malloc_trim_threshold
                0x20000858        0x4 c:/program files (x86)/atmel/studio/7.0/toolchain/arm/arm-gnu-toolchain/bin/../lib/gcc/arm-none-eabi/6.3.1/../../../../arm-none-eabi/lib/thumb/v7e-m\libc.a(lib_a-mallocr.o)
                0x20000858                __malloc_trim_threshold
                0x2000085c                . = ALIGN (0x4)
                0x2000085c                _erelocate = .

.bss            0x2000085c       0xf0 load address 0x00402540
                0x2000085c                . = ALIGN (0x4)
                0x2000085c                _sbss = .
                0x2000085c                _szero = .
 *(.bss .bss.*)
 .bss           0x2000085c       0x1c c:/program files (x86)/atmel/studio/7.0/toolchain/arm/arm-gnu-toolchain/bin/../lib/gcc/arm-none-eabi/6.3.1/thumb/v7e-m/crtbegin.o
 .bss.heap.5297
                0x20000878        0x4 src/ASF/sam/utils/syscalls/gcc/syscalls.o
 .bss.__malloc_current_mallinfo
                0x2000087c       0x28 c:/program files (x86)/atmel/studio/7.0/toolchain/arm/arm-gnu-toolchain/bin/../lib/gcc/arm-none-eabi/6.3.1/../../../../arm-none-eabi/lib/thumb/v7e-m\libc.a(lib_a-mallocr.o)
                0x2000087c                __malloc_current_mallinfo
 .bss.__malloc_max_sbrked_mem
                0x200008a4        0x4 c:/program files (x86)/atmel/studio/7.0/toolchain/arm/arm-gnu-toolchain/bin/../lib/gcc/arm-none-eabi/6.3.1/../../../../arm-none-eabi/lib/thumb/v7e-m\libc.a(lib_a-mallocr.o)
                0x200008a4                __malloc_max_sbrked_mem
 .bss.__malloc_max_total_mem
                0x200008a8        0x4 c:/program files (x86)/atmel/studio/7.0/toolchain/arm/arm-gnu-toolchain/bin/../lib/gcc/arm-none-eabi/6.3.1/../../../../arm-none-eabi/lib/thumb/v7e-m\libc.a(lib_a-mallocr.o)
                0x200008a8                __malloc_max_total_mem
 .bss.__malloc_top_pad
                0x200008ac        0x4 c:/program files (x86)/atmel/studio/7.0/toolchain/arm/arm-gnu-toolchain/bin/../lib/gcc/arm-none-eabi/6.3.1/../../../../arm-none-eabi/lib/thumb/v7e-m\libc.a(lib_a-mallocr.o)
                0x200008ac                __malloc_top_pad
 *(COMMON)
 COMMON         0x200008b0        0x6 src/ASF/common/services/sleepmgr/sam/sleepmgr.o
                0x200008b0                sleepmgr_locks
 *fill*         0x200008b6        0x2 
 COMMON         0x200008b8       0x60 src/ASF/sam/drivers/adc/adc2.o
                0x200008b8                adc_callback_pointer
 COMMON         0x20000918        0x4 src/ASF/common/utils/stdio/read.o
                0x20000918                ptr_get
 COMMON         0x2000091c        0x8 src/ASF/common/utils/stdio/write.o
                0x2000091c                ptr_put
                0x20000920                stdio_base
 COMMON         0x20000924       0x21 c:/program files (x86)/atmel/studio/7.0/toolchain/arm/arm-gnu-toolchain/bin/../lib/gcc/arm-none-eabi/6.3.1/../../../../arm-none-eabi/lib/thumb/v7e-m\libc.a(lib_a-lock.o)
                0x20000924                __lock___atexit_recursive_mutex
                0x20000928                __lock___arc4random_mutex
                0x2000092c                __lock___env_recursive_mutex
                0x20000930                __lock___sinit_recursive_mutex
                0x20000934                __lock___malloc_recursive_mutex
                0x20000938                __lock___at_quick_exit_mutex
                0x2000093c                __lock___dd_hash_mutex
                0x20000940                __lock___tz_mutex
                0x20000944                __lock___sfp_recursive_mutex
 *fill*         0x20000945        0x3 
 COMMON         0x20000948        0x4 c:/program files (x86)/atmel/studio/7.0/toolchain/arm/arm-gnu-toolchain/bin/../lib/gcc/arm-none-eabi/6.3.1/../../../../arm-none-eabi/lib/thumb/v7e-m\libc.a(lib_a-reent.o)
                0x20000948                errno
                0x2000094c                . = ALIGN (0x4)
                0x2000094c                _ebss = .
                0x2000094c                _ezero = .

.stack          0x2000094c     0x3004 load address 0x00402630
                0x20000950                . = ALIGN (0x8)
 *fill*         0x2000094c        0x4 
                0x20000950                _sstack = .
                0x20003950                . = (. + __stack_size__)
 *fill*         0x20000950     0x3000 
                0x20003950                . = ALIGN (0x8)
                0x20003950                _estack = .
                0x20003950                . = ALIGN (0x4)
                0x20003950                _end = .
OUTPUT(GccBoardProject4-usart2.elf elf32-littlearm)

.ARM.attributes
                0x00000000       0x2a
 .ARM.attributes
                0x00000000       0x1e c:/program files (x86)/atmel/studio/7.0/toolchain/arm/arm-gnu-toolchain/bin/../lib/gcc/arm-none-eabi/6.3.1/thumb/v7e-m/crti.o
 .ARM.attributes
                0x0000001e       0x2e c:/program files (x86)/atmel/studio/7.0/toolchain/arm/arm-gnu-toolchain/bin/../lib/gcc/arm-none-eabi/6.3.1/thumb/v7e-m/crtbegin.o
 .ARM.attributes
                0x0000004c       0x33 src/ASF/common/services/sleepmgr/sam/sleepmgr.o
 .ARM.attributes
                0x0000007f       0x33 src/ASF/sam/drivers/adc/adc2.o
 .ARM.attributes
                0x000000b2       0x33 src/ASF/common/utils/stdio/read.o
 .ARM.attributes
                0x000000e5       0x33 src/ASF/sam/drivers/usart/usart.o
 .ARM.attributes
                0x00000118       0x33 src/ASF/common/utils/stdio/write.o
 .ARM.attributes
                0x0000014b       0x33 src/ASF/common/services/serial/usart_serial.o
 .ARM.attributes
                0x0000017e       0x33 src/ASF/common/services/clock/sam4n/sysclk.o
 .ARM.attributes
                0x000001b1       0x33 src/ASF/sam/drivers/pmc/pmc.o
 .ARM.attributes
                0x000001e4       0x33 src/ASF/sam/drivers/uart/uart.o
 .ARM.attributes
                0x00000217       0x33 src/ASF/common/boards/user_board/init.o
 .ARM.attributes
                0x0000024a       0x33 src/ASF/common/utils/interrupt/interrupt_sam_nvic.o
 .ARM.attributes
                0x0000027d       0x33 src/ASF/sam/utils/cmsis/sam4n/source/templates/exceptions.o
 .ARM.attributes
                0x000002b0       0x33 src/ASF/sam/utils/cmsis/sam4n/source/templates/gcc/startup_sam4n.o
 .ARM.attributes
                0x000002e3       0x33 src/ASF/sam/utils/cmsis/sam4n/source/templates/system_sam4n.o
 .ARM.attributes
                0x00000316       0x33 src/ASF/sam/utils/syscalls/gcc/syscalls.o
 .ARM.attributes
                0x00000349       0x33 src/main.o
 .ARM.attributes
                0x0000037c       0x2e c:/program files (x86)/atmel/studio/7.0/toolchain/arm/arm-gnu-toolchain/bin/../lib/gcc/arm-none-eabi/6.3.1/../../../../arm-none-eabi/lib/thumb/v7e-m\libc.a(lib_a-impure.o)
 .ARM.attributes
                0x000003aa       0x2e c:/program files (x86)/atmel/studio/7.0/toolchain/arm/arm-gnu-toolchain/bin/../lib/gcc/arm-none-eabi/6.3.1/../../../../arm-none-eabi/lib/thumb/v7e-m\libc.a(lib_a-init.o)
 .ARM.attributes
                0x000003d8       0x2e c:/program files (x86)/atmel/studio/7.0/toolchain/arm/arm-gnu-toolchain/bin/../lib/gcc/arm-none-eabi/6.3.1/../../../../arm-none-eabi/lib/thumb/v7e-m\libc.a(lib_a-memset.o)
 .ARM.attributes
                0x00000406       0x2e c:/program files (x86)/atmel/studio/7.0/toolchain/arm/arm-gnu-toolchain/bin/../lib/gcc/arm-none-eabi/6.3.1/../../../../arm-none-eabi/lib/thumb/v7e-m\libc.a(lib_a-setbuf.o)
 .ARM.attributes
                0x00000434       0x2e c:/program files (x86)/atmel/studio/7.0/toolchain/arm/arm-gnu-toolchain/bin/../lib/gcc/arm-none-eabi/6.3.1/../../../../arm-none-eabi/lib/thumb/v7e-m\libc.a(lib_a-setvbuf.o)
 .ARM.attributes
                0x00000462       0x2e c:/program files (x86)/atmel/studio/7.0/toolchain/arm/arm-gnu-toolchain/bin/../lib/gcc/arm-none-eabi/6.3.1/../../../../arm-none-eabi/lib/thumb/v7e-m\libc.a(lib_a-__call_atexit.o)
 .ARM.attributes
                0x00000490       0x2e c:/program files (x86)/atmel/studio/7.0/toolchain/arm/arm-gnu-toolchain/bin/../lib/gcc/arm-none-eabi/6.3.1/../../../../arm-none-eabi/lib/thumb/v7e-m\libc.a(lib_a-atexit.o)
 .ARM.attributes
                0x000004be       0x2e c:/program files (x86)/atmel/studio/7.0/toolchain/arm/arm-gnu-toolchain/bin/../lib/gcc/arm-none-eabi/6.3.1/../../../../arm-none-eabi/lib/thumb/v7e-m\libc.a(lib_a-fflush.o)
 .ARM.attributes
                0x000004ec       0x2e c:/program files (x86)/atmel/studio/7.0/toolchain/arm/arm-gnu-toolchain/bin/../lib/gcc/arm-none-eabi/6.3.1/../../../../arm-none-eabi/lib/thumb/v7e-m\libc.a(lib_a-findfp.o)
 .ARM.attributes
                0x0000051a       0x2e c:/program files (x86)/atmel/studio/7.0/toolchain/arm/arm-gnu-toolchain/bin/../lib/gcc/arm-none-eabi/6.3.1/../../../../arm-none-eabi/lib/thumb/v7e-m\libc.a(lib_a-fini.o)
 .ARM.attributes
                0x00000548       0x2e c:/program files (x86)/atmel/studio/7.0/toolchain/arm/arm-gnu-toolchain/bin/../lib/gcc/arm-none-eabi/6.3.1/../../../../arm-none-eabi/lib/thumb/v7e-m\libc.a(lib_a-freer.o)
 .ARM.attributes
                0x00000576       0x2e c:/program files (x86)/atmel/studio/7.0/toolchain/arm/arm-gnu-toolchain/bin/../lib/gcc/arm-none-eabi/6.3.1/../../../../arm-none-eabi/lib/thumb/v7e-m\libc.a(lib_a-fwalk.o)
 .ARM.attributes
                0x000005a4       0x2e c:/program files (x86)/atmel/studio/7.0/toolchain/arm/arm-gnu-toolchain/bin/../lib/gcc/arm-none-eabi/6.3.1/../../../../arm-none-eabi/lib/thumb/v7e-m\libc.a(lib_a-lock.o)
 .ARM.attributes
                0x000005d2       0x2e c:/program files (x86)/atmel/studio/7.0/toolchain/arm/arm-gnu-toolchain/bin/../lib/gcc/arm-none-eabi/6.3.1/../../../../arm-none-eabi/lib/thumb/v7e-m\libc.a(lib_a-makebuf.o)
 .ARM.attributes
                0x00000600       0x2e c:/program files (x86)/atmel/studio/7.0/toolchain/arm/arm-gnu-toolchain/bin/../lib/gcc/arm-none-eabi/6.3.1/../../../../arm-none-eabi/lib/thumb/v7e-m\libc.a(lib_a-malloc.o)
 .ARM.attributes
                0x0000062e       0x2e c:/program files (x86)/atmel/studio/7.0/toolchain/arm/arm-gnu-toolchain/bin/../lib/gcc/arm-none-eabi/6.3.1/../../../../arm-none-eabi/lib/thumb/v7e-m\libc.a(lib_a-mallocr.o)
 .ARM.attributes
                0x0000065c       0x2e c:/program files (x86)/atmel/studio/7.0/toolchain/arm/arm-gnu-toolchain/bin/../lib/gcc/arm-none-eabi/6.3.1/../../../../arm-none-eabi/lib/thumb/v7e-m\libc.a(lib_a-mlock.o)
 .ARM.attributes
                0x0000068a       0x2e c:/program files (x86)/atmel/studio/7.0/toolchain/arm/arm-gnu-toolchain/bin/../lib/gcc/arm-none-eabi/6.3.1/../../../../arm-none-eabi/lib/thumb/v7e-m\libc.a(lib_a-sbrkr.o)
 .ARM.attributes
                0x000006b8       0x2e c:/program files (x86)/atmel/studio/7.0/toolchain/arm/arm-gnu-toolchain/bin/../lib/gcc/arm-none-eabi/6.3.1/../../../../arm-none-eabi/lib/thumb/v7e-m\libc.a(lib_a-stdio.o)
 .ARM.attributes
                0x000006e6       0x2e c:/program files (x86)/atmel/studio/7.0/toolchain/arm/arm-gnu-toolchain/bin/../lib/gcc/arm-none-eabi/6.3.1/../../../../arm-none-eabi/lib/thumb/v7e-m\libc.a(lib_a-writer.o)
 .ARM.attributes
                0x00000714       0x2e c:/program files (x86)/atmel/studio/7.0/toolchain/arm/arm-gnu-toolchain/bin/../lib/gcc/arm-none-eabi/6.3.1/../../../../arm-none-eabi/lib/thumb/v7e-m\libc.a(lib_a-__atexit.o)
 .ARM.attributes
                0x00000742       0x2e c:/program files (x86)/atmel/studio/7.0/toolchain/arm/arm-gnu-toolchain/bin/../lib/gcc/arm-none-eabi/6.3.1/../../../../arm-none-eabi/lib/thumb/v7e-m\libc.a(lib_a-closer.o)
 .ARM.attributes
                0x00000770       0x2e c:/program files (x86)/atmel/studio/7.0/toolchain/arm/arm-gnu-toolchain/bin/../lib/gcc/arm-none-eabi/6.3.1/../../../../arm-none-eabi/lib/thumb/v7e-m\libc.a(lib_a-fclose.o)
 .ARM.attributes
                0x0000079e       0x2e c:/program files (x86)/atmel/studio/7.0/toolchain/arm/arm-gnu-toolchain/bin/../lib/gcc/arm-none-eabi/6.3.1/../../../../arm-none-eabi/lib/thumb/v7e-m\libc.a(lib_a-fstatr.o)
 .ARM.attributes
                0x000007cc       0x2e c:/program files (x86)/atmel/studio/7.0/toolchain/arm/arm-gnu-toolchain/bin/../lib/gcc/arm-none-eabi/6.3.1/../../../../arm-none-eabi/lib/thumb/v7e-m\libc.a(lib_a-lseekr.o)
 .ARM.attributes
                0x000007fa       0x2e c:/program files (x86)/atmel/studio/7.0/toolchain/arm/arm-gnu-toolchain/bin/../lib/gcc/arm-none-eabi/6.3.1/../../../../arm-none-eabi/lib/thumb/v7e-m\libc.a(lib_a-readr.o)
 .ARM.attributes
                0x00000828       0x2e c:/program files (x86)/atmel/studio/7.0/toolchain/arm/arm-gnu-toolchain/bin/../lib/gcc/arm-none-eabi/6.3.1/../../../../arm-none-eabi/lib/thumb/v7e-m\libc.a(lib_a-reent.o)
 .ARM.attributes
                0x00000856       0x1e c:/program files (x86)/atmel/studio/7.0/toolchain/arm/arm-gnu-toolchain/bin/../lib/gcc/arm-none-eabi/6.3.1/thumb/v7e-m/crtn.o

.comment        0x00000000       0x59
 .comment       0x00000000       0x59 src/ASF/common/services/sleepmgr/sam/sleepmgr.o
                                 0x5a (size before relaxing)
 .comment       0x00000059       0x5a src/ASF/sam/drivers/adc/adc2.o
 .comment       0x00000059       0x5a src/ASF/common/utils/stdio/read.o
 .comment       0x00000059       0x5a src/ASF/sam/drivers/usart/usart.o
 .comment       0x00000059       0x5a src/ASF/common/utils/stdio/write.o
 .comment       0x00000059       0x5a src/ASF/common/services/serial/usart_serial.o
 .comment       0x00000059       0x5a src/ASF/common/services/clock/sam4n/sysclk.o
 .comment       0x00000059       0x5a src/ASF/sam/drivers/pmc/pmc.o
 .comment       0x00000059       0x5a src/ASF/sam/drivers/uart/uart.o
 .comment       0x00000059       0x5a src/ASF/common/boards/user_board/init.o
 .comment       0x00000059       0x5a src/ASF/common/utils/interrupt/interrupt_sam_nvic.o
 .comment       0x00000059       0x5a src/ASF/sam/utils/cmsis/sam4n/source/templates/exceptions.o
 .comment       0x00000059       0x5a src/ASF/sam/utils/cmsis/sam4n/source/templates/gcc/startup_sam4n.o
 .comment       0x00000059       0x5a src/ASF/sam/utils/cmsis/sam4n/source/templates/system_sam4n.o
 .comment       0x00000059       0x5a src/ASF/sam/utils/syscalls/gcc/syscalls.o
 .comment       0x00000059       0x5a src/main.o

.debug_info     0x00000000    0x1040b
 .debug_info    0x00000000      0xa8e src/ASF/common/services/sleepmgr/sam/sleepmgr.o
 .debug_info    0x00000a8e     0x1e5b src/ASF/sam/drivers/adc/adc2.o
 .debug_info    0x000028e9      0xac9 src/ASF/common/utils/stdio/read.o
 .debug_info    0x000033b2     0x1db7 src/ASF/sam/drivers/usart/usart.o
 .debug_info    0x00005169      0xac6 src/ASF/common/utils/stdio/write.o
 .debug_info    0x00005c2f     0x117a src/ASF/common/services/serial/usart_serial.o
 .debug_info    0x00006da9     0x10cc src/ASF/common/services/clock/sam4n/sysclk.o
 .debug_info    0x00007e75     0x187b src/ASF/sam/drivers/pmc/pmc.o
 .debug_info    0x000096f0     0x119c src/ASF/sam/drivers/uart/uart.o
 .debug_info    0x0000a88c     0x1356 src/ASF/common/boards/user_board/init.o
 .debug_info    0x0000bbe2      0xaff src/ASF/common/utils/interrupt/interrupt_sam_nvic.o
 .debug_info    0x0000c6e1       0xdc src/ASF/sam/utils/cmsis/sam4n/source/templates/exceptions.o
 .debug_info    0x0000c7bd      0x677 src/ASF/sam/utils/cmsis/sam4n/source/templates/gcc/startup_sam4n.o
 .debug_info    0x0000ce34      0xda3 src/ASF/sam/utils/cmsis/sam4n/source/templates/system_sam4n.o
 .debug_info    0x0000dbd7      0xdb0 src/ASF/sam/utils/syscalls/gcc/syscalls.o
 .debug_info    0x0000e987     0x1a84 src/main.o

.debug_abbrev   0x00000000     0x2893
 .debug_abbrev  0x00000000      0x1b2 src/ASF/common/services/sleepmgr/sam/sleepmgr.o
 .debug_abbrev  0x000001b2      0x4e0 src/ASF/sam/drivers/adc/adc2.o
 .debug_abbrev  0x00000692      0x1fe src/ASF/common/utils/stdio/read.o
 .debug_abbrev  0x00000890      0x406 src/ASF/sam/drivers/usart/usart.o
 .debug_abbrev  0x00000c96      0x1e9 src/ASF/common/utils/stdio/write.o
 .debug_abbrev  0x00000e7f      0x2b1 src/ASF/common/services/serial/usart_serial.o
 .debug_abbrev  0x00001130      0x311 src/ASF/common/services/clock/sam4n/sysclk.o
 .debug_abbrev  0x00001441      0x315 src/ASF/sam/drivers/pmc/pmc.o
 .debug_abbrev  0x00001756      0x288 src/ASF/sam/drivers/uart/uart.o
 .debug_abbrev  0x000019de      0x2e7 src/ASF/common/boards/user_board/init.o
 .debug_abbrev  0x00001cc5      0x221 src/ASF/common/utils/interrupt/interrupt_sam_nvic.o
 .debug_abbrev  0x00001ee6       0x7d src/ASF/sam/utils/cmsis/sam4n/source/templates/exceptions.o
 .debug_abbrev  0x00001f63      0x13b src/ASF/sam/utils/cmsis/sam4n/source/templates/gcc/startup_sam4n.o
 .debug_abbrev  0x0000209e      0x1f4 src/ASF/sam/utils/cmsis/sam4n/source/templates/system_sam4n.o
 .debug_abbrev  0x00002292      0x264 src/ASF/sam/utils/syscalls/gcc/syscalls.o
 .debug_abbrev  0x000024f6      0x39d src/main.o

.debug_aranges  0x00000000      0x6f0
 .debug_aranges
                0x00000000       0x18 src/ASF/common/services/sleepmgr/sam/sleepmgr.o
 .debug_aranges
                0x00000018       0x88 src/ASF/sam/drivers/adc/adc2.o
 .debug_aranges
                0x000000a0       0x20 src/ASF/common/utils/stdio/read.o
 .debug_aranges
                0x000000c0      0x1b8 src/ASF/sam/drivers/usart/usart.o
 .debug_aranges
                0x00000278       0x20 src/ASF/common/utils/stdio/write.o
 .debug_aranges
                0x00000298       0x28 src/ASF/common/services/serial/usart_serial.o
 .debug_aranges
                0x000002c0       0x30 src/ASF/common/services/clock/sam4n/sysclk.o
 .debug_aranges
                0x000002f0      0x1d0 src/ASF/sam/drivers/pmc/pmc.o
 .debug_aranges
                0x000004c0       0xe8 src/ASF/sam/drivers/uart/uart.o
 .debug_aranges
                0x000005a8       0x20 src/ASF/common/boards/user_board/init.o
 .debug_aranges
                0x000005c8       0x28 src/ASF/common/utils/interrupt/interrupt_sam_nvic.o
 .debug_aranges
                0x000005f0       0x20 src/ASF/sam/utils/cmsis/sam4n/source/templates/exceptions.o
 .debug_aranges
                0x00000610       0x20 src/ASF/sam/utils/cmsis/sam4n/source/templates/gcc/startup_sam4n.o
 .debug_aranges
                0x00000630       0x30 src/ASF/sam/utils/cmsis/sam4n/source/templates/system_sam4n.o
 .debug_aranges
                0x00000660       0x60 src/ASF/sam/utils/syscalls/gcc/syscalls.o
 .debug_aranges
                0x000006c0       0x30 src/main.o

.debug_macro    0x00000000    0x11559
 .debug_macro   0x00000000      0x4f1 src/ASF/common/services/sleepmgr/sam/sleepmgr.o
 .debug_macro   0x000004f1      0x8c8 src/ASF/common/services/sleepmgr/sam/sleepmgr.o
 .debug_macro   0x00000db9      0x16d src/ASF/common/services/sleepmgr/sam/sleepmgr.o
 .debug_macro   0x00000f26      0x71d src/ASF/common/services/sleepmgr/sam/sleepmgr.o
 .debug_macro   0x00001643       0x76 src/ASF/common/services/sleepmgr/sam/sleepmgr.o
 .debug_macro   0x000016b9       0x16 src/ASF/common/services/sleepmgr/sam/sleepmgr.o
 .debug_macro   0x000016cf      0x6da src/ASF/common/services/sleepmgr/sam/sleepmgr.o
 .debug_macro   0x00001da9       0x22 src/ASF/common/services/sleepmgr/sam/sleepmgr.o
 .debug_macro   0x00001dcb       0x87 src/ASF/common/services/sleepmgr/sam/sleepmgr.o
 .debug_macro   0x00001e52       0x51 src/ASF/common/services/sleepmgr/sam/sleepmgr.o
 .debug_macro   0x00001ea3       0xef src/ASF/common/services/sleepmgr/sam/sleepmgr.o
 .debug_macro   0x00001f92       0x6a src/ASF/common/services/sleepmgr/sam/sleepmgr.o
 .debug_macro   0x00001ffc      0x1df src/ASF/common/services/sleepmgr/sam/sleepmgr.o
 .debug_macro   0x000021db       0x27 src/ASF/common/services/sleepmgr/sam/sleepmgr.o
 .debug_macro   0x00002202       0x1c src/ASF/common/services/sleepmgr/sam/sleepmgr.o
 .debug_macro   0x0000221e       0x22 src/ASF/common/services/sleepmgr/sam/sleepmgr.o
 .debug_macro   0x00002240       0xdf src/ASF/common/services/sleepmgr/sam/sleepmgr.o
 .debug_macro   0x0000231f     0x102d src/ASF/common/services/sleepmgr/sam/sleepmgr.o
 .debug_macro   0x0000334c      0x11f src/ASF/common/services/sleepmgr/sam/sleepmgr.o
 .debug_macro   0x0000346b      0x93f src/ASF/common/services/sleepmgr/sam/sleepmgr.o
 .debug_macro   0x00003daa      0x2ab src/ASF/common/services/sleepmgr/sam/sleepmgr.o
 .debug_macro   0x00004055      0x162 src/ASF/common/services/sleepmgr/sam/sleepmgr.o
 .debug_macro   0x000041b7      0x106 src/ASF/common/services/sleepmgr/sam/sleepmgr.o
 .debug_macro   0x000042bd       0x1c src/ASF/common/services/sleepmgr/sam/sleepmgr.o
 .debug_macro   0x000042d9      0x1df src/ASF/common/services/sleepmgr/sam/sleepmgr.o
 .debug_macro   0x000044b8       0xbe src/ASF/common/services/sleepmgr/sam/sleepmgr.o
 .debug_macro   0x00004576     0x26bd src/ASF/common/services/sleepmgr/sam/sleepmgr.o
 .debug_macro   0x00006c33      0x71b src/ASF/common/services/sleepmgr/sam/sleepmgr.o
 .debug_macro   0x0000734e      0x257 src/ASF/common/services/sleepmgr/sam/sleepmgr.o
 .debug_macro   0x000075a5       0x7c src/ASF/common/services/sleepmgr/sam/sleepmgr.o
 .debug_macro   0x00007621      0x2d6 src/ASF/common/services/sleepmgr/sam/sleepmgr.o
 .debug_macro   0x000078f7       0x64 src/ASF/common/services/sleepmgr/sam/sleepmgr.o
 .debug_macro   0x0000795b      0x37c src/ASF/common/services/sleepmgr/sam/sleepmgr.o
 .debug_macro   0x00007cd7      0x686 src/ASF/common/services/sleepmgr/sam/sleepmgr.o
 .debug_macro   0x0000835d      0x654 src/ASF/common/services/sleepmgr/sam/sleepmgr.o
 .debug_macro   0x000089b1      0x344 src/ASF/common/services/sleepmgr/sam/sleepmgr.o
 .debug_macro   0x00008cf5      0x283 src/ASF/common/services/sleepmgr/sam/sleepmgr.o
 .debug_macro   0x00008f78      0x561 src/ASF/common/services/sleepmgr/sam/sleepmgr.o
 .debug_macro   0x000094d9       0x76 src/ASF/common/services/sleepmgr/sam/sleepmgr.o
 .debug_macro   0x0000954f       0x88 src/ASF/common/services/sleepmgr/sam/sleepmgr.o
 .debug_macro   0x000095d7      0x12b src/ASF/common/services/sleepmgr/sam/sleepmgr.o
 .debug_macro   0x00009702      0x100 src/ASF/common/services/sleepmgr/sam/sleepmgr.o
 .debug_macro   0x00009802       0x88 src/ASF/common/services/sleepmgr/sam/sleepmgr.o
 .debug_macro   0x0000988a       0x88 src/ASF/common/services/sleepmgr/sam/sleepmgr.o
 .debug_macro   0x00009912       0xb2 src/ASF/common/services/sleepmgr/sam/sleepmgr.o
 .debug_macro   0x000099c4       0xa6 src/ASF/common/services/sleepmgr/sam/sleepmgr.o
 .debug_macro   0x00009a6a       0xa6 src/ASF/common/services/sleepmgr/sam/sleepmgr.o
 .debug_macro   0x00009b10       0xa6 src/ASF/common/services/sleepmgr/sam/sleepmgr.o
 .debug_macro   0x00009bb6       0xa6 src/ASF/common/services/sleepmgr/sam/sleepmgr.o
 .debug_macro   0x00009c5c       0x64 src/ASF/common/services/sleepmgr/sam/sleepmgr.o
 .debug_macro   0x00009cc0       0x88 src/ASF/common/services/sleepmgr/sam/sleepmgr.o
 .debug_macro   0x00009d48       0x7c src/ASF/common/services/sleepmgr/sam/sleepmgr.o
 .debug_macro   0x00009dc4       0x40 src/ASF/common/services/sleepmgr/sam/sleepmgr.o
 .debug_macro   0x00009e04       0x34 src/ASF/common/services/sleepmgr/sam/sleepmgr.o
 .debug_macro   0x00009e38       0x88 src/ASF/common/services/sleepmgr/sam/sleepmgr.o
 .debug_macro   0x00009ec0       0x7c src/ASF/common/services/sleepmgr/sam/sleepmgr.o
 .debug_macro   0x00009f3c       0x16 src/ASF/common/services/sleepmgr/sam/sleepmgr.o
 .debug_macro   0x00009f52       0x7c src/ASF/common/services/sleepmgr/sam/sleepmgr.o
 .debug_macro   0x00009fce       0x22 src/ASF/common/services/sleepmgr/sam/sleepmgr.o
 .debug_macro   0x00009ff0      0x12b src/ASF/common/services/sleepmgr/sam/sleepmgr.o
 .debug_macro   0x0000a11b      0x12b src/ASF/common/services/sleepmgr/sam/sleepmgr.o
 .debug_macro   0x0000a246      0x12b src/ASF/common/services/sleepmgr/sam/sleepmgr.o
 .debug_macro   0x0000a371       0x1c src/ASF/common/services/sleepmgr/sam/sleepmgr.o
 .debug_macro   0x0000a38d       0x2e src/ASF/common/services/sleepmgr/sam/sleepmgr.o
 .debug_macro   0x0000a3bb       0x22 src/ASF/common/services/sleepmgr/sam/sleepmgr.o
 .debug_macro   0x0000a3dd       0x1c src/ASF/common/services/sleepmgr/sam/sleepmgr.o
 .debug_macro   0x0000a3f9       0x52 src/ASF/common/services/sleepmgr/sam/sleepmgr.o
 .debug_macro   0x0000a44b       0x10 src/ASF/common/services/sleepmgr/sam/sleepmgr.o
 .debug_macro   0x0000a45b      0x203 src/ASF/common/services/sleepmgr/sam/sleepmgr.o
 .debug_macro   0x0000a65e      0x73d src/ASF/common/services/sleepmgr/sam/sleepmgr.o
 .debug_macro   0x0000ad9b       0xcf src/ASF/common/services/sleepmgr/sam/sleepmgr.o
 .debug_macro   0x0000ae6a       0x58 src/ASF/common/services/sleepmgr/sam/sleepmgr.o
 .debug_macro   0x0000aec2       0x35 src/ASF/common/services/sleepmgr/sam/sleepmgr.o
 .debug_macro   0x0000aef7       0x9c src/ASF/common/services/sleepmgr/sam/sleepmgr.o
 .debug_macro   0x0000af93       0x16 src/ASF/common/services/sleepmgr/sam/sleepmgr.o
 .debug_macro   0x0000afa9       0x35 src/ASF/common/services/sleepmgr/sam/sleepmgr.o
 .debug_macro   0x0000afde      0x34d src/ASF/common/services/sleepmgr/sam/sleepmgr.o
 .debug_macro   0x0000b32b       0x10 src/ASF/common/services/sleepmgr/sam/sleepmgr.o
 .debug_macro   0x0000b33b       0x58 src/ASF/common/services/sleepmgr/sam/sleepmgr.o
 .debug_macro   0x0000b393       0x1f src/ASF/common/services/sleepmgr/sam/sleepmgr.o
 .debug_macro   0x0000b3b2       0x43 src/ASF/common/services/sleepmgr/sam/sleepmgr.o
 .debug_macro   0x0000b3f5       0x20 src/ASF/common/services/sleepmgr/sam/sleepmgr.o
 .debug_macro   0x0000b415      0x187 src/ASF/common/services/sleepmgr/sam/sleepmgr.o
 .debug_macro   0x0000b59c       0x10 src/ASF/common/services/sleepmgr/sam/sleepmgr.o
 .debug_macro   0x0000b5ac       0x1c src/ASF/common/services/sleepmgr/sam/sleepmgr.o
 .debug_macro   0x0000b5c8       0x52 src/ASF/common/services/sleepmgr/sam/sleepmgr.o
 .debug_macro   0x0000b61a       0x40 src/ASF/common/services/sleepmgr/sam/sleepmgr.o
 .debug_macro   0x0000b65a       0x10 src/ASF/common/services/sleepmgr/sam/sleepmgr.o
 .debug_macro   0x0000b66a       0x40 src/ASF/common/services/sleepmgr/sam/sleepmgr.o
 .debug_macro   0x0000b6aa       0xd7 src/ASF/common/services/sleepmgr/sam/sleepmgr.o
 .debug_macro   0x0000b781       0x16 src/ASF/common/services/sleepmgr/sam/sleepmgr.o
 .debug_macro   0x0000b797      0x18b src/ASF/common/services/sleepmgr/sam/sleepmgr.o
 .debug_macro   0x0000b922       0x22 src/ASF/common/services/sleepmgr/sam/sleepmgr.o
 .debug_macro   0x0000b944       0x16 src/ASF/common/services/sleepmgr/sam/sleepmgr.o
 .debug_macro   0x0000b95a       0x16 src/ASF/common/services/sleepmgr/sam/sleepmgr.o
 .debug_macro   0x0000b970       0x29 src/ASF/common/services/sleepmgr/sam/sleepmgr.o
 .debug_macro   0x0000b999       0x73 src/ASF/common/services/sleepmgr/sam/sleepmgr.o
 .debug_macro   0x0000ba0c       0x3e src/ASF/common/services/sleepmgr/sam/sleepmgr.o
 .debug_macro   0x0000ba4a      0x3ca src/ASF/common/services/sleepmgr/sam/sleepmgr.o
 .debug_macro   0x0000be14       0x10 src/ASF/common/services/sleepmgr/sam/sleepmgr.o
 .debug_macro   0x0000be24       0x34 src/ASF/common/services/sleepmgr/sam/sleepmgr.o
 .debug_macro   0x0000be58      0x58a src/ASF/sam/drivers/adc/adc2.o
 .debug_macro   0x0000c3e2       0x16 src/ASF/sam/drivers/adc/adc2.o
 .debug_macro   0x0000c3f8       0x28 src/ASF/sam/drivers/adc/adc2.o
 .debug_macro   0x0000c420      0x2df src/ASF/sam/drivers/adc/adc2.o
 .debug_macro   0x0000c6ff       0x40 src/ASF/sam/drivers/adc/adc2.o
 .debug_macro   0x0000c73f       0x70 src/ASF/sam/drivers/adc/adc2.o
 .debug_macro   0x0000c7af       0x64 src/ASF/sam/drivers/adc/adc2.o
 .debug_macro   0x0000c813       0x40 src/ASF/sam/drivers/adc/adc2.o
 .debug_macro   0x0000c853       0x7b src/ASF/sam/drivers/adc/adc2.o
 .debug_macro   0x0000c8ce      0x4cb src/ASF/common/utils/stdio/read.o
 .debug_macro   0x0000cd99      0x516 src/ASF/sam/drivers/usart/usart.o
 .debug_macro   0x0000d2af       0x28 src/ASF/sam/drivers/usart/usart.o
 .debug_macro   0x0000d2d7      0x4cb src/ASF/common/utils/stdio/write.o
 .debug_macro   0x0000d7a2      0x578 src/ASF/common/services/serial/usart_serial.o
 .debug_macro   0x0000dd1a       0x1c src/ASF/common/services/serial/usart_serial.o
 .debug_macro   0x0000dd36       0x2e src/ASF/common/services/serial/usart_serial.o
 .debug_macro   0x0000dd64       0x3a src/ASF/common/services/serial/usart_serial.o
 .debug_macro   0x0000dd9e      0x545 src/ASF/common/services/clock/sam4n/sysclk.o
 .debug_macro   0x0000e2e3      0x2d9 src/ASF/common/services/clock/sam4n/sysclk.o
 .debug_macro   0x0000e5bc      0x4e0 src/ASF/sam/drivers/pmc/pmc.o
 .debug_macro   0x0000ea9c       0x6a src/ASF/sam/drivers/pmc/pmc.o
 .debug_macro   0x0000eb06      0x4da src/ASF/sam/drivers/uart/uart.o
 .debug_macro   0x0000efe0       0x16 src/ASF/sam/drivers/uart/uart.o
 .debug_macro   0x0000eff6      0x5ea src/ASF/common/boards/user_board/init.o
 .debug_macro   0x0000f5e0       0x82 src/ASF/common/boards/user_board/init.o
 .debug_macro   0x0000f662      0x4cb src/ASF/common/utils/interrupt/interrupt_sam_nvic.o
 .debug_macro   0x0000fb2d      0x2d2 src/ASF/sam/utils/cmsis/sam4n/source/templates/exceptions.o
 .debug_macro   0x0000fdff      0x2c8 src/ASF/sam/utils/cmsis/sam4n/source/templates/gcc/startup_sam4n.o
 .debug_macro   0x000100c7      0x4e3 src/ASF/sam/utils/cmsis/sam4n/source/templates/system_sam4n.o
 .debug_macro   0x000105aa      0x1d6 src/ASF/sam/utils/syscalls/gcc/syscalls.o
 .debug_macro   0x00010780       0x52 src/ASF/sam/utils/syscalls/gcc/syscalls.o
 .debug_macro   0x000107d2       0x8d src/ASF/sam/utils/syscalls/gcc/syscalls.o
 .debug_macro   0x0001085f       0x57 src/ASF/sam/utils/syscalls/gcc/syscalls.o
 .debug_macro   0x000108b6       0x97 src/ASF/sam/utils/syscalls/gcc/syscalls.o
 .debug_macro   0x0001094d      0x353 src/ASF/sam/utils/syscalls/gcc/syscalls.o
 .debug_macro   0x00010ca0       0xf6 src/ASF/sam/utils/syscalls/gcc/syscalls.o
 .debug_macro   0x00010d96       0x4c src/ASF/sam/utils/syscalls/gcc/syscalls.o
 .debug_macro   0x00010de2       0x16 src/ASF/sam/utils/syscalls/gcc/syscalls.o
 .debug_macro   0x00010df8       0x10 src/ASF/sam/utils/syscalls/gcc/syscalls.o
 .debug_macro   0x00010e08       0x10 src/ASF/sam/utils/syscalls/gcc/syscalls.o
 .debug_macro   0x00010e18       0x35 src/ASF/sam/utils/syscalls/gcc/syscalls.o
 .debug_macro   0x00010e4d      0x122 src/ASF/sam/utils/syscalls/gcc/syscalls.o
 .debug_macro   0x00010f6f      0x5ea src/main.o

.debug_line     0x00000000     0xb200
 .debug_line    0x00000000      0xa88 src/ASF/common/services/sleepmgr/sam/sleepmgr.o
 .debug_line    0x00000a88      0xdc8 src/ASF/sam/drivers/adc/adc2.o
 .debug_line    0x00001850      0xa20 src/ASF/common/utils/stdio/read.o
 .debug_line    0x00002270      0xecf src/ASF/sam/drivers/usart/usart.o
 .debug_line    0x0000313f      0xa18 src/ASF/common/utils/stdio/write.o
 .debug_line    0x00003b57      0xc70 src/ASF/common/services/serial/usart_serial.o
 .debug_line    0x000047c7      0xb67 src/ASF/common/services/clock/sam4n/sysclk.o
 .debug_line    0x0000532e      0xef7 src/ASF/sam/drivers/pmc/pmc.o
 .debug_line    0x00006225      0xbd8 src/ASF/sam/drivers/uart/uart.o
 .debug_line    0x00006dfd      0xd7f src/ASF/common/boards/user_board/init.o
 .debug_line    0x00007b7c      0xa35 src/ASF/common/utils/interrupt/interrupt_sam_nvic.o
 .debug_line    0x000085b1      0x79c src/ASF/sam/utils/cmsis/sam4n/source/templates/exceptions.o
 .debug_line    0x00008d4d      0x7d3 src/ASF/sam/utils/cmsis/sam4n/source/templates/gcc/startup_sam4n.o
 .debug_line    0x00009520      0xa80 src/ASF/sam/utils/cmsis/sam4n/source/templates/system_sam4n.o
 .debug_line    0x00009fa0      0x40b src/ASF/sam/utils/syscalls/gcc/syscalls.o
 .debug_line    0x0000a3ab      0xe55 src/main.o

.debug_str      0x00000000    0x4315c
 .debug_str     0x00000000    0x3e31d src/ASF/common/services/sleepmgr/sam/sleepmgr.o
                              0x3e697 (size before relaxing)
 .debug_str     0x0003e31d     0x22bf src/ASF/sam/drivers/adc/adc2.o
                              0x409b8 (size before relaxing)
 .debug_str     0x000405dc       0x3f src/ASF/common/utils/stdio/read.o
                              0x3e504 (size before relaxing)
 .debug_str     0x0004061b      0x8bc src/ASF/sam/drivers/usart/usart.o
                              0x3ede9 (size before relaxing)
 .debug_str     0x00040ed7       0x2e src/ASF/common/utils/stdio/write.o
                              0x3e505 (size before relaxing)
 .debug_str     0x00040f05      0x2bb src/ASF/common/services/serial/usart_serial.o
                              0x3fe08 (size before relaxing)
 .debug_str     0x000411c0      0x2ab src/ASF/common/services/clock/sam4n/sysclk.o
                              0x3fbe2 (size before relaxing)
 .debug_str     0x0004146b      0x577 src/ASF/sam/drivers/pmc/pmc.o
                              0x3ef50 (size before relaxing)
 .debug_str     0x000419e2      0x213 src/ASF/sam/drivers/uart/uart.o
                              0x3e8d0 (size before relaxing)
 .debug_str     0x00041bf5      0x630 src/ASF/common/boards/user_board/init.o
                              0x402bb (size before relaxing)
 .debug_str     0x00042225       0x65 src/ASF/common/utils/interrupt/interrupt_sam_nvic.o
                              0x3e55b (size before relaxing)
 .debug_str     0x0004228a       0x4d src/ASF/sam/utils/cmsis/sam4n/source/templates/exceptions.o
                              0x2dcd1 (size before relaxing)
 .debug_str     0x000422d7      0x3f4 src/ASF/sam/utils/cmsis/sam4n/source/templates/gcc/startup_sam4n.o
                              0x2e0ed (size before relaxing)
 .debug_str     0x000426cb      0x17a src/ASF/sam/utils/cmsis/sam4n/source/templates/system_sam4n.o
                              0x3e7b1 (size before relaxing)
 .debug_str     0x00042845      0x787 src/ASF/sam/utils/syscalls/gcc/syscalls.o
                               0x7431 (size before relaxing)
 .debug_str     0x00042fcc      0x190 src/main.o
                              0x407d6 (size before relaxing)

.debug_loc      0x00000000     0x2a06
 .debug_loc     0x00000000      0x54f src/ASF/sam/drivers/adc/adc2.o
 .debug_loc     0x0000054f       0xb3 src/ASF/common/utils/stdio/read.o
 .debug_loc     0x00000602      0xccb src/ASF/sam/drivers/usart/usart.o
 .debug_loc     0x000012cd      0x12b src/ASF/common/utils/stdio/write.o
 .debug_loc     0x000013f8      0x2a7 src/ASF/common/services/serial/usart_serial.o
 .debug_loc     0x0000169f      0x12a src/ASF/common/services/clock/sam4n/sysclk.o
 .debug_loc     0x000017c9      0x95e src/ASF/sam/drivers/pmc/pmc.o
 .debug_loc     0x00002127      0x25a src/ASF/sam/drivers/uart/uart.o
 .debug_loc     0x00002381      0x101 src/ASF/common/boards/user_board/init.o
 .debug_loc     0x00002482       0x6b src/ASF/sam/utils/cmsis/sam4n/source/templates/gcc/startup_sam4n.o
 .debug_loc     0x000024ed       0xfd src/ASF/sam/utils/syscalls/gcc/syscalls.o
 .debug_loc     0x000025ea      0x41c src/main.o

.debug_ranges   0x00000000      0x618
 .debug_ranges  0x00000000       0x78 src/ASF/sam/drivers/adc/adc2.o
 .debug_ranges  0x00000078       0x10 src/ASF/common/utils/stdio/read.o
 .debug_ranges  0x00000088      0x1a8 src/ASF/sam/drivers/usart/usart.o
 .debug_ranges  0x00000230       0x10 src/ASF/common/utils/stdio/write.o
 .debug_ranges  0x00000240       0x48 src/ASF/common/services/serial/usart_serial.o
 .debug_ranges  0x00000288       0x20 src/ASF/common/services/clock/sam4n/sysclk.o
 .debug_ranges  0x000002a8      0x1c0 src/ASF/sam/drivers/pmc/pmc.o
 .debug_ranges  0x00000468       0xd8 src/ASF/sam/drivers/uart/uart.o
 .debug_ranges  0x00000540       0x10 src/ASF/common/boards/user_board/init.o
 .debug_ranges  0x00000550       0x18 src/ASF/common/utils/interrupt/interrupt_sam_nvic.o
 .debug_ranges  0x00000568       0x10 src/ASF/sam/utils/cmsis/sam4n/source/templates/exceptions.o
 .debug_ranges  0x00000578       0x10 src/ASF/sam/utils/cmsis/sam4n/source/templates/gcc/startup_sam4n.o
 .debug_ranges  0x00000588       0x20 src/ASF/sam/utils/cmsis/sam4n/source/templates/system_sam4n.o
 .debug_ranges  0x000005a8       0x50 src/ASF/sam/utils/syscalls/gcc/syscalls.o
 .debug_ranges  0x000005f8       0x20 src/main.o

.debug_frame    0x00000000     0x15bc
 .debug_frame   0x00000000      0x154 src/ASF/sam/drivers/adc/adc2.o
 .debug_frame   0x00000154       0x30 src/ASF/common/utils/stdio/read.o
 .debug_frame   0x00000184      0x3d4 src/ASF/sam/drivers/usart/usart.o
 .debug_frame   0x00000558       0x48 src/ASF/common/utils/stdio/write.o
 .debug_frame   0x000005a0       0x80 src/ASF/common/services/serial/usart_serial.o
 .debug_frame   0x00000620       0x58 src/ASF/common/services/clock/sam4n/sysclk.o
 .debug_frame   0x00000678      0x38c src/ASF/sam/drivers/pmc/pmc.o
 .debug_frame   0x00000a04      0x1bc src/ASF/sam/drivers/uart/uart.o
 .debug_frame   0x00000bc0       0x28 src/ASF/common/boards/user_board/init.o
 .debug_frame   0x00000be8       0x30 src/ASF/common/utils/interrupt/interrupt_sam_nvic.o
 .debug_frame   0x00000c18       0x20 src/ASF/sam/utils/cmsis/sam4n/source/templates/exceptions.o
 .debug_frame   0x00000c38       0x28 src/ASF/sam/utils/cmsis/sam4n/source/templates/gcc/startup_sam4n.o
 .debug_frame   0x00000c60       0x40 src/ASF/sam/utils/cmsis/sam4n/source/templates/system_sam4n.o
 .debug_frame   0x00000ca0       0xa0 src/ASF/sam/utils/syscalls/gcc/syscalls.o
 .debug_frame   0x00000d40       0x70 src/main.o
 .debug_frame   0x00000db0       0x2c c:/program files (x86)/atmel/studio/7.0/toolchain/arm/arm-gnu-toolchain/bin/../lib/gcc/arm-none-eabi/6.3.1/../../../../arm-none-eabi/lib/thumb/v7e-m\libc.a(lib_a-init.o)
 .debug_frame   0x00000ddc       0x34 c:/program files (x86)/atmel/studio/7.0/toolchain/arm/arm-gnu-toolchain/bin/../lib/gcc/arm-none-eabi/6.3.1/../../../../arm-none-eabi/lib/thumb/v7e-m\libc.a(lib_a-memset.o)
 .debug_frame   0x00000e10       0x20 c:/program files (x86)/atmel/studio/7.0/toolchain/arm/arm-gnu-toolchain/bin/../lib/gcc/arm-none-eabi/6.3.1/../../../../arm-none-eabi/lib/thumb/v7e-m\libc.a(lib_a-setbuf.o)
 .debug_frame   0x00000e30       0x48 c:/program files (x86)/atmel/studio/7.0/toolchain/arm/arm-gnu-toolchain/bin/../lib/gcc/arm-none-eabi/6.3.1/../../../../arm-none-eabi/lib/thumb/v7e-m\libc.a(lib_a-setvbuf.o)
 .debug_frame   0x00000e78       0x5c c:/program files (x86)/atmel/studio/7.0/toolchain/arm/arm-gnu-toolchain/bin/../lib/gcc/arm-none-eabi/6.3.1/../../../../arm-none-eabi/lib/thumb/v7e-m\libc.a(lib_a-__call_atexit.o)
 .debug_frame   0x00000ed4       0x20 c:/program files (x86)/atmel/studio/7.0/toolchain/arm/arm-gnu-toolchain/bin/../lib/gcc/arm-none-eabi/6.3.1/../../../../arm-none-eabi/lib/thumb/v7e-m\libc.a(lib_a-atexit.o)
 .debug_frame   0x00000ef4       0x5c c:/program files (x86)/atmel/studio/7.0/toolchain/arm/arm-gnu-toolchain/bin/../lib/gcc/arm-none-eabi/6.3.1/../../../../arm-none-eabi/lib/thumb/v7e-m\libc.a(lib_a-fflush.o)
 .debug_frame   0x00000f50      0x148 c:/program files (x86)/atmel/studio/7.0/toolchain/arm/arm-gnu-toolchain/bin/../lib/gcc/arm-none-eabi/6.3.1/../../../../arm-none-eabi/lib/thumb/v7e-m\libc.a(lib_a-findfp.o)
 .debug_frame   0x00001098       0x34 c:/program files (x86)/atmel/studio/7.0/toolchain/arm/arm-gnu-toolchain/bin/../lib/gcc/arm-none-eabi/6.3.1/../../../../arm-none-eabi/lib/thumb/v7e-m\libc.a(lib_a-fini.o)
 .debug_frame   0x000010cc       0x74 c:/program files (x86)/atmel/studio/7.0/toolchain/arm/arm-gnu-toolchain/bin/../lib/gcc/arm-none-eabi/6.3.1/../../../../arm-none-eabi/lib/thumb/v7e-m\libc.a(lib_a-freer.o)
 .debug_frame   0x00001140       0x54 c:/program files (x86)/atmel/studio/7.0/toolchain/arm/arm-gnu-toolchain/bin/../lib/gcc/arm-none-eabi/6.3.1/../../../../arm-none-eabi/lib/thumb/v7e-m\libc.a(lib_a-fwalk.o)
 .debug_frame   0x00001194       0xb0 c:/program files (x86)/atmel/studio/7.0/toolchain/arm/arm-gnu-toolchain/bin/../lib/gcc/arm-none-eabi/6.3.1/../../../../arm-none-eabi/lib/thumb/v7e-m\libc.a(lib_a-lock.o)
 .debug_frame   0x00001244       0x68 c:/program files (x86)/atmel/studio/7.0/toolchain/arm/arm-gnu-toolchain/bin/../lib/gcc/arm-none-eabi/6.3.1/../../../../arm-none-eabi/lib/thumb/v7e-m\libc.a(lib_a-makebuf.o)
 .debug_frame   0x000012ac       0x30 c:/program files (x86)/atmel/studio/7.0/toolchain/arm/arm-gnu-toolchain/bin/../lib/gcc/arm-none-eabi/6.3.1/../../../../arm-none-eabi/lib/thumb/v7e-m\libc.a(lib_a-malloc.o)
 .debug_frame   0x000012dc       0x58 c:/program files (x86)/atmel/studio/7.0/toolchain/arm/arm-gnu-toolchain/bin/../lib/gcc/arm-none-eabi/6.3.1/../../../../arm-none-eabi/lib/thumb/v7e-m\libc.a(lib_a-mallocr.o)
 .debug_frame   0x00001334       0x30 c:/program files (x86)/atmel/studio/7.0/toolchain/arm/arm-gnu-toolchain/bin/../lib/gcc/arm-none-eabi/6.3.1/../../../../arm-none-eabi/lib/thumb/v7e-m\libc.a(lib_a-mlock.o)
 .debug_frame   0x00001364       0x2c c:/program files (x86)/atmel/studio/7.0/toolchain/arm/arm-gnu-toolchain/bin/../lib/gcc/arm-none-eabi/6.3.1/../../../../arm-none-eabi/lib/thumb/v7e-m\libc.a(lib_a-sbrkr.o)
 .debug_frame   0x00001390       0x88 c:/program files (x86)/atmel/studio/7.0/toolchain/arm/arm-gnu-toolchain/bin/../lib/gcc/arm-none-eabi/6.3.1/../../../../arm-none-eabi/lib/thumb/v7e-m\libc.a(lib_a-stdio.o)
 .debug_frame   0x00001418       0x2c c:/program files (x86)/atmel/studio/7.0/toolchain/arm/arm-gnu-toolchain/bin/../lib/gcc/arm-none-eabi/6.3.1/../../../../arm-none-eabi/lib/thumb/v7e-m\libc.a(lib_a-writer.o)
 .debug_frame   0x00001444       0x34 c:/program files (x86)/atmel/studio/7.0/toolchain/arm/arm-gnu-toolchain/bin/../lib/gcc/arm-none-eabi/6.3.1/../../../../arm-none-eabi/lib/thumb/v7e-m\libc.a(lib_a-__atexit.o)
 .debug_frame   0x00001478       0x2c c:/program files (x86)/atmel/studio/7.0/toolchain/arm/arm-gnu-toolchain/bin/../lib/gcc/arm-none-eabi/6.3.1/../../../../arm-none-eabi/lib/thumb/v7e-m\libc.a(lib_a-closer.o)
 .debug_frame   0x000014a4       0x3c c:/program files (x86)/atmel/studio/7.0/toolchain/arm/arm-gnu-toolchain/bin/../lib/gcc/arm-none-eabi/6.3.1/../../../../arm-none-eabi/lib/thumb/v7e-m\libc.a(lib_a-fclose.o)
 .debug_frame   0x000014e0       0x2c c:/program files (x86)/atmel/studio/7.0/toolchain/arm/arm-gnu-toolchain/bin/../lib/gcc/arm-none-eabi/6.3.1/../../../../arm-none-eabi/lib/thumb/v7e-m\libc.a(lib_a-fstatr.o)
 .debug_frame   0x0000150c       0x2c c:/program files (x86)/atmel/studio/7.0/toolchain/arm/arm-gnu-toolchain/bin/../lib/gcc/arm-none-eabi/6.3.1/../../../../arm-none-eabi/lib/thumb/v7e-m\libc.a(lib_a-lseekr.o)
 .debug_frame   0x00001538       0x2c c:/program files (x86)/atmel/studio/7.0/toolchain/arm/arm-gnu-toolchain/bin/../lib/gcc/arm-none-eabi/6.3.1/../../../../arm-none-eabi/lib/thumb/v7e-m\libc.a(lib_a-readr.o)
 .debug_frame   0x00001564       0x58 c:/program files (x86)/atmel/studio/7.0/toolchain/arm/arm-gnu-toolchain/bin/../lib/gcc/arm-none-eabi/6.3.1/../../../../arm-none-eabi/lib/thumb/v7e-m\libc.a(lib_a-reent.o)

Cross Reference Table

Symbol                                            File
ADC_Handler                                       src/ASF/sam/drivers/adc/adc2.o
                                                  src/ASF/sam/utils/cmsis/sam4n/source/templates/gcc/startup_sam4n.o
BusFault_Handler                                  src/ASF/sam/utils/cmsis/sam4n/source/templates/exceptions.o
                                                  src/ASF/sam/utils/cmsis/sam4n/source/templates/gcc/startup_sam4n.o
DACC_Handler                                      src/ASF/sam/utils/cmsis/sam4n/source/templates/exceptions.o
                                                  src/ASF/sam/utils/cmsis/sam4n/source/templates/gcc/startup_sam4n.o
DebugMon_Handler                                  src/ASF/sam/utils/cmsis/sam4n/source/templates/exceptions.o
                                                  src/ASF/sam/utils/cmsis/sam4n/source/templates/gcc/startup_sam4n.o
Dummy_Handler                                     src/ASF/sam/utils/cmsis/sam4n/source/templates/exceptions.o
EFC_Handler                                       src/ASF/sam/utils/cmsis/sam4n/source/templates/exceptions.o
                                                  src/ASF/sam/utils/cmsis/sam4n/source/templates/gcc/startup_sam4n.o
HardFault_Handler                                 src/ASF/sam/utils/cmsis/sam4n/source/templates/exceptions.o
                                                  src/ASF/sam/utils/cmsis/sam4n/source/templates/gcc/startup_sam4n.o
MemManage_Handler                                 src/ASF/sam/utils/cmsis/sam4n/source/templates/exceptions.o
                                                  src/ASF/sam/utils/cmsis/sam4n/source/templates/gcc/startup_sam4n.o
NMI_Handler                                       src/ASF/sam/utils/cmsis/sam4n/source/templates/exceptions.o
                                                  src/ASF/sam/utils/cmsis/sam4n/source/templates/gcc/startup_sam4n.o
PIOA_Handler                                      src/ASF/sam/utils/cmsis/sam4n/source/templates/exceptions.o
                                                  src/ASF/sam/utils/cmsis/sam4n/source/templates/gcc/startup_sam4n.o
PIOB_Handler                                      src/ASF/sam/utils/cmsis/sam4n/source/templates/exceptions.o
                                                  src/ASF/sam/utils/cmsis/sam4n/source/templates/gcc/startup_sam4n.o
PIOC_Handler                                      src/ASF/sam/utils/cmsis/sam4n/source/templates/exceptions.o
                                                  src/ASF/sam/utils/cmsis/sam4n/source/templates/gcc/startup_sam4n.o
PMC_Handler                                       src/ASF/sam/utils/cmsis/sam4n/source/templates/exceptions.o
                                                  src/ASF/sam/utils/cmsis/sam4n/source/templates/gcc/startup_sam4n.o
PWM_Handler                                       src/ASF/sam/utils/cmsis/sam4n/source/templates/exceptions.o
                                                  src/ASF/sam/utils/cmsis/sam4n/source/templates/gcc/startup_sam4n.o
PendSV_Handler                                    src/ASF/sam/utils/cmsis/sam4n/source/templates/exceptions.o
                                                  src/ASF/sam/utils/cmsis/sam4n/source/templates/gcc/startup_sam4n.o
RSTC_Handler                                      src/ASF/sam/utils/cmsis/sam4n/source/templates/exceptions.o
                                                  src/ASF/sam/utils/cmsis/sam4n/source/templates/gcc/startup_sam4n.o
RTC_Handler                                       src/ASF/sam/utils/cmsis/sam4n/source/templates/exceptions.o
                                                  src/ASF/sam/utils/cmsis/sam4n/source/templates/gcc/startup_sam4n.o
RTT_Handler                                       src/ASF/sam/utils/cmsis/sam4n/source/templates/exceptions.o
                                                  src/ASF/sam/utils/cmsis/sam4n/source/templates/gcc/startup_sam4n.o
Reset_Handler                                     src/ASF/sam/utils/cmsis/sam4n/source/templates/gcc/startup_sam4n.o
SPI_Handler                                       src/ASF/sam/utils/cmsis/sam4n/source/templates/exceptions.o
                                                  src/ASF/sam/utils/cmsis/sam4n/source/templates/gcc/startup_sam4n.o
SUPC_Handler                                      src/ASF/sam/utils/cmsis/sam4n/source/templates/exceptions.o
                                                  src/ASF/sam/utils/cmsis/sam4n/source/templates/gcc/startup_sam4n.o
SVC_Handler                                       src/ASF/sam/utils/cmsis/sam4n/source/templates/exceptions.o
                                                  src/ASF/sam/utils/cmsis/sam4n/source/templates/gcc/startup_sam4n.o
SysTick_Handler                                   src/ASF/sam/utils/cmsis/sam4n/source/templates/exceptions.o
                                                  src/ASF/sam/utils/cmsis/sam4n/source/templates/gcc/startup_sam4n.o
SystemCoreClock                                   src/ASF/sam/utils/cmsis/sam4n/source/templates/system_sam4n.o
SystemCoreClockUpdate                             src/ASF/sam/utils/cmsis/sam4n/source/templates/system_sam4n.o
                                                  src/ASF/common/services/clock/sam4n/sysclk.o
SystemInit                                        src/ASF/sam/utils/cmsis/sam4n/source/templates/system_sam4n.o
TC0_Handler                                       src/ASF/sam/utils/cmsis/sam4n/source/templates/exceptions.o
                                                  src/ASF/sam/utils/cmsis/sam4n/source/templates/gcc/startup_sam4n.o
TC1_Handler                                       src/ASF/sam/utils/cmsis/sam4n/source/templates/exceptions.o
                                                  src/ASF/sam/utils/cmsis/sam4n/source/templates/gcc/startup_sam4n.o
TC2_Handler                                       src/ASF/sam/utils/cmsis/sam4n/source/templates/exceptions.o
                                                  src/ASF/sam/utils/cmsis/sam4n/source/templates/gcc/startup_sam4n.o
TC3_Handler                                       src/ASF/sam/utils/cmsis/sam4n/source/templates/exceptions.o
                                                  src/ASF/sam/utils/cmsis/sam4n/source/templates/gcc/startup_sam4n.o
TC4_Handler                                       src/ASF/sam/utils/cmsis/sam4n/source/templates/exceptions.o
                                                  src/ASF/sam/utils/cmsis/sam4n/source/templates/gcc/startup_sam4n.o
TC5_Handler                                       src/ASF/sam/utils/cmsis/sam4n/source/templates/exceptions.o
                                                  src/ASF/sam/utils/cmsis/sam4n/source/templates/gcc/startup_sam4n.o
TWI0_Handler                                      src/ASF/sam/utils/cmsis/sam4n/source/templates/exceptions.o
                                                  src/ASF/sam/utils/cmsis/sam4n/source/templates/gcc/startup_sam4n.o
TWI1_Handler                                      src/ASF/sam/utils/cmsis/sam4n/source/templates/exceptions.o
                                                  src/ASF/sam/utils/cmsis/sam4n/source/templates/gcc/startup_sam4n.o
TWI2_Handler                                      src/ASF/sam/utils/cmsis/sam4n/source/templates/exceptions.o
                                                  src/ASF/sam/utils/cmsis/sam4n/source/templates/gcc/startup_sam4n.o
UART0_Handler                                     src/ASF/sam/utils/cmsis/sam4n/source/templates/exceptions.o
                                                  src/ASF/sam/utils/cmsis/sam4n/source/templates/gcc/startup_sam4n.o
UART1_Handler                                     src/ASF/sam/utils/cmsis/sam4n/source/templates/exceptions.o
                                                  src/ASF/sam/utils/cmsis/sam4n/source/templates/gcc/startup_sam4n.o
UART2_Handler                                     src/ASF/sam/utils/cmsis/sam4n/source/templates/exceptions.o
                                                  src/ASF/sam/utils/cmsis/sam4n/source/templates/gcc/startup_sam4n.o
UART3_Handler                                     src/ASF/sam/utils/cmsis/sam4n/source/templates/exceptions.o
                                                  src/ASF/sam/utils/cmsis/sam4n/source/templates/gcc/startup_sam4n.o
USART0_Handler                                    src/ASF/sam/utils/cmsis/sam4n/source/templates/exceptions.o
                                                  src/ASF/sam/utils/cmsis/sam4n/source/templates/gcc/startup_sam4n.o
USART1_Handler                                    src/ASF/sam/utils/cmsis/sam4n/source/templates/exceptions.o
                                                  src/ASF/sam/utils/cmsis/sam4n/source/templates/gcc/startup_sam4n.o
USART2_Handler                                    src/ASF/sam/utils/cmsis/sam4n/source/templates/exceptions.o
                                                  src/ASF/sam/utils/cmsis/sam4n/source/templates/gcc/startup_sam4n.o
UsageFault_Handler                                src/ASF/sam/utils/cmsis/sam4n/source/templates/exceptions.o
                                                  src/ASF/sam/utils/cmsis/sam4n/source/templates/gcc/startup_sam4n.o
WDT_Handler                                       src/ASF/sam/utils/cmsis/sam4n/source/templates/exceptions.o
                                                  src/ASF/sam/utils/cmsis/sam4n/source/templates/gcc/startup_sam4n.o
_Jv_RegisterClasses                               c:/program files (x86)/atmel/studio/7.0/toolchain/arm/arm-gnu-toolchain/bin/../lib/gcc/arm-none-eabi/6.3.1/thumb/v7e-m/crtbegin.o
__atexit_recursive_mutex                          c:/program files (x86)/atmel/studio/7.0/toolchain/arm/arm-gnu-toolchain/bin/../lib/gcc/arm-none-eabi/6.3.1/../../../../arm-none-eabi/lib/thumb/v7e-m\libc.a(lib_a-__call_atexit.o)
                                                  c:/program files (x86)/atmel/studio/7.0/toolchain/arm/arm-gnu-toolchain/bin/../lib/gcc/arm-none-eabi/6.3.1/../../../../arm-none-eabi/lib/thumb/v7e-m\libc.a(lib_a-__atexit.o)
__bss_end__                                       c:/program files (x86)/atmel/studio/7.0/toolchain/arm/arm-gnu-toolchain/bin/../lib/gcc/arm-none-eabi/6.3.1/../../../../arm-none-eabi/lib/thumb/v7e-m/crt0.o
__bss_start__                                     c:/program files (x86)/atmel/studio/7.0/toolchain/arm/arm-gnu-toolchain/bin/../lib/gcc/arm-none-eabi/6.3.1/../../../../arm-none-eabi/lib/thumb/v7e-m/crt0.o
__call_exitprocs                                  c:/program files (x86)/atmel/studio/7.0/toolchain/arm/arm-gnu-toolchain/bin/../lib/gcc/arm-none-eabi/6.3.1/../../../../arm-none-eabi/lib/thumb/v7e-m\libc.a(lib_a-__call_atexit.o)
                                                  c:/program files (x86)/atmel/studio/7.0/toolchain/arm/arm-gnu-toolchain/bin/../lib/gcc/arm-none-eabi/6.3.1/../../../../arm-none-eabi/lib/thumb/v7e-m\libc.a(lib_a-exit.o)
__deregister_frame_info                           c:/program files (x86)/atmel/studio/7.0/toolchain/arm/arm-gnu-toolchain/bin/../lib/gcc/arm-none-eabi/6.3.1/thumb/v7e-m/crtbegin.o
__dso_handle                                      c:/program files (x86)/atmel/studio/7.0/toolchain/arm/arm-gnu-toolchain/bin/../lib/gcc/arm-none-eabi/6.3.1/thumb/v7e-m/crtbegin.o
__fini_array_end                                  c:/program files (x86)/atmel/studio/7.0/toolchain/arm/arm-gnu-toolchain/bin/../lib/gcc/arm-none-eabi/6.3.1/../../../../arm-none-eabi/lib/thumb/v7e-m\libc.a(lib_a-fini.o)
__fini_array_start                                c:/program files (x86)/atmel/studio/7.0/toolchain/arm/arm-gnu-toolchain/bin/../lib/gcc/arm-none-eabi/6.3.1/../../../../arm-none-eabi/lib/thumb/v7e-m\libc.a(lib_a-fini.o)
__fp_lock_all                                     c:/program files (x86)/atmel/studio/7.0/toolchain/arm/arm-gnu-toolchain/bin/../lib/gcc/arm-none-eabi/6.3.1/../../../../arm-none-eabi/lib/thumb/v7e-m\libc.a(lib_a-findfp.o)
__fp_unlock_all                                   c:/program files (x86)/atmel/studio/7.0/toolchain/arm/arm-gnu-toolchain/bin/../lib/gcc/arm-none-eabi/6.3.1/../../../../arm-none-eabi/lib/thumb/v7e-m\libc.a(lib_a-findfp.o)
__init_array_end                                  c:/program files (x86)/atmel/studio/7.0/toolchain/arm/arm-gnu-toolchain/bin/../lib/gcc/arm-none-eabi/6.3.1/../../../../arm-none-eabi/lib/thumb/v7e-m\libc.a(lib_a-init.o)
__init_array_start                                c:/program files (x86)/atmel/studio/7.0/toolchain/arm/arm-gnu-toolchain/bin/../lib/gcc/arm-none-eabi/6.3.1/../../../../arm-none-eabi/lib/thumb/v7e-m\libc.a(lib_a-init.o)
__libc_fini                                       c:/program files (x86)/atmel/studio/7.0/toolchain/arm/arm-gnu-toolchain/bin/../lib/gcc/arm-none-eabi/6.3.1/../../../../arm-none-eabi/lib/thumb/v7e-m\libc.a(lib_a-__call_atexit.o)
__libc_fini_array                                 c:/program files (x86)/atmel/studio/7.0/toolchain/arm/arm-gnu-toolchain/bin/../lib/gcc/arm-none-eabi/6.3.1/../../../../arm-none-eabi/lib/thumb/v7e-m\libc.a(lib_a-fini.o)
                                                  c:/program files (x86)/atmel/studio/7.0/toolchain/arm/arm-gnu-toolchain/bin/../lib/gcc/arm-none-eabi/6.3.1/../../../../arm-none-eabi/lib/thumb/v7e-m\libc.a(lib_a-__call_atexit.o)
                                                  c:/program files (x86)/atmel/studio/7.0/toolchain/arm/arm-gnu-toolchain/bin/../lib/gcc/arm-none-eabi/6.3.1/../../../../arm-none-eabi/lib/thumb/v7e-m/crt0.o
__libc_init_array                                 c:/program files (x86)/atmel/studio/7.0/toolchain/arm/arm-gnu-toolchain/bin/../lib/gcc/arm-none-eabi/6.3.1/../../../../arm-none-eabi/lib/thumb/v7e-m\libc.a(lib_a-init.o)
                                                  src/ASF/sam/utils/cmsis/sam4n/source/templates/gcc/startup_sam4n.o
                                                  c:/program files (x86)/atmel/studio/7.0/toolchain/arm/arm-gnu-toolchain/bin/../lib/gcc/arm-none-eabi/6.3.1/../../../../arm-none-eabi/lib/thumb/v7e-m/crt0.o
__lock___arc4random_mutex                         c:/program files (x86)/atmel/studio/7.0/toolchain/arm/arm-gnu-toolchain/bin/../lib/gcc/arm-none-eabi/6.3.1/../../../../arm-none-eabi/lib/thumb/v7e-m\libc.a(lib_a-lock.o)
__lock___at_quick_exit_mutex                      c:/program files (x86)/atmel/studio/7.0/toolchain/arm/arm-gnu-toolchain/bin/../lib/gcc/arm-none-eabi/6.3.1/../../../../arm-none-eabi/lib/thumb/v7e-m\libc.a(lib_a-lock.o)
__lock___atexit_recursive_mutex                   c:/program files (x86)/atmel/studio/7.0/toolchain/arm/arm-gnu-toolchain/bin/../lib/gcc/arm-none-eabi/6.3.1/../../../../arm-none-eabi/lib/thumb/v7e-m\libc.a(lib_a-lock.o)
                                                  c:/program files (x86)/atmel/studio/7.0/toolchain/arm/arm-gnu-toolchain/bin/../lib/gcc/arm-none-eabi/6.3.1/../../../../arm-none-eabi/lib/thumb/v7e-m\libc.a(lib_a-__call_atexit.o)
__lock___dd_hash_mutex                            c:/program files (x86)/atmel/studio/7.0/toolchain/arm/arm-gnu-toolchain/bin/../lib/gcc/arm-none-eabi/6.3.1/../../../../arm-none-eabi/lib/thumb/v7e-m\libc.a(lib_a-lock.o)
__lock___env_recursive_mutex                      c:/program files (x86)/atmel/studio/7.0/toolchain/arm/arm-gnu-toolchain/bin/../lib/gcc/arm-none-eabi/6.3.1/../../../../arm-none-eabi/lib/thumb/v7e-m\libc.a(lib_a-lock.o)
__lock___malloc_recursive_mutex                   c:/program files (x86)/atmel/studio/7.0/toolchain/arm/arm-gnu-toolchain/bin/../lib/gcc/arm-none-eabi/6.3.1/../../../../arm-none-eabi/lib/thumb/v7e-m\libc.a(lib_a-lock.o)
                                                  c:/program files (x86)/atmel/studio/7.0/toolchain/arm/arm-gnu-toolchain/bin/../lib/gcc/arm-none-eabi/6.3.1/../../../../arm-none-eabi/lib/thumb/v7e-m\libc.a(lib_a-mlock.o)
__lock___sfp_recursive_mutex                      c:/program files (x86)/atmel/studio/7.0/toolchain/arm/arm-gnu-toolchain/bin/../lib/gcc/arm-none-eabi/6.3.1/../../../../arm-none-eabi/lib/thumb/v7e-m\libc.a(lib_a-lock.o)
                                                  c:/program files (x86)/atmel/studio/7.0/toolchain/arm/arm-gnu-toolchain/bin/../lib/gcc/arm-none-eabi/6.3.1/../../../../arm-none-eabi/lib/thumb/v7e-m\libc.a(lib_a-findfp.o)
__lock___sinit_recursive_mutex                    c:/program files (x86)/atmel/studio/7.0/toolchain/arm/arm-gnu-toolchain/bin/../lib/gcc/arm-none-eabi/6.3.1/../../../../arm-none-eabi/lib/thumb/v7e-m\libc.a(lib_a-lock.o)
                                                  c:/program files (x86)/atmel/studio/7.0/toolchain/arm/arm-gnu-toolchain/bin/../lib/gcc/arm-none-eabi/6.3.1/../../../../arm-none-eabi/lib/thumb/v7e-m\libc.a(lib_a-findfp.o)
__lock___tz_mutex                                 c:/program files (x86)/atmel/studio/7.0/toolchain/arm/arm-gnu-toolchain/bin/../lib/gcc/arm-none-eabi/6.3.1/../../../../arm-none-eabi/lib/thumb/v7e-m\libc.a(lib_a-lock.o)
__malloc_av_                                      c:/program files (x86)/atmel/studio/7.0/toolchain/arm/arm-gnu-toolchain/bin/../lib/gcc/arm-none-eabi/6.3.1/../../../../arm-none-eabi/lib/thumb/v7e-m\libc.a(lib_a-mallocr.o)
                                                  c:/program files (x86)/atmel/studio/7.0/toolchain/arm/arm-gnu-toolchain/bin/../lib/gcc/arm-none-eabi/6.3.1/../../../../arm-none-eabi/lib/thumb/v7e-m\libc.a(lib_a-freer.o)
__malloc_current_mallinfo                         c:/program files (x86)/atmel/studio/7.0/toolchain/arm/arm-gnu-toolchain/bin/../lib/gcc/arm-none-eabi/6.3.1/../../../../arm-none-eabi/lib/thumb/v7e-m\libc.a(lib_a-mallocr.o)
                                                  c:/program files (x86)/atmel/studio/7.0/toolchain/arm/arm-gnu-toolchain/bin/../lib/gcc/arm-none-eabi/6.3.1/../../../../arm-none-eabi/lib/thumb/v7e-m\libc.a(lib_a-freer.o)
__malloc_lock                                     c:/program files (x86)/atmel/studio/7.0/toolchain/arm/arm-gnu-toolchain/bin/../lib/gcc/arm-none-eabi/6.3.1/../../../../arm-none-eabi/lib/thumb/v7e-m\libc.a(lib_a-mlock.o)
                                                  c:/program files (x86)/atmel/studio/7.0/toolchain/arm/arm-gnu-toolchain/bin/../lib/gcc/arm-none-eabi/6.3.1/../../../../arm-none-eabi/lib/thumb/v7e-m\libc.a(lib_a-mallocr.o)
                                                  c:/program files (x86)/atmel/studio/7.0/toolchain/arm/arm-gnu-toolchain/bin/../lib/gcc/arm-none-eabi/6.3.1/../../../../arm-none-eabi/lib/thumb/v7e-m\libc.a(lib_a-freer.o)
__malloc_max_sbrked_mem                           c:/program files (x86)/atmel/studio/7.0/toolchain/arm/arm-gnu-toolchain/bin/../lib/gcc/arm-none-eabi/6.3.1/../../../../arm-none-eabi/lib/thumb/v7e-m\libc.a(lib_a-mallocr.o)
__malloc_max_total_mem                            c:/program files (x86)/atmel/studio/7.0/toolchain/arm/arm-gnu-toolchain/bin/../lib/gcc/arm-none-eabi/6.3.1/../../../../arm-none-eabi/lib/thumb/v7e-m\libc.a(lib_a-mallocr.o)
__malloc_sbrk_base                                c:/program files (x86)/atmel/studio/7.0/toolchain/arm/arm-gnu-toolchain/bin/../lib/gcc/arm-none-eabi/6.3.1/../../../../arm-none-eabi/lib/thumb/v7e-m\libc.a(lib_a-mallocr.o)
                                                  c:/program files (x86)/atmel/studio/7.0/toolchain/arm/arm-gnu-toolchain/bin/../lib/gcc/arm-none-eabi/6.3.1/../../../../arm-none-eabi/lib/thumb/v7e-m\libc.a(lib_a-freer.o)
__malloc_top_pad                                  c:/program files (x86)/atmel/studio/7.0/toolchain/arm/arm-gnu-toolchain/bin/../lib/gcc/arm-none-eabi/6.3.1/../../../../arm-none-eabi/lib/thumb/v7e-m\libc.a(lib_a-mallocr.o)
                                                  c:/program files (x86)/atmel/studio/7.0/toolchain/arm/arm-gnu-toolchain/bin/../lib/gcc/arm-none-eabi/6.3.1/../../../../arm-none-eabi/lib/thumb/v7e-m\libc.a(lib_a-freer.o)
__malloc_trim_threshold                           c:/program files (x86)/atmel/studio/7.0/toolchain/arm/arm-gnu-toolchain/bin/../lib/gcc/arm-none-eabi/6.3.1/../../../../arm-none-eabi/lib/thumb/v7e-m\libc.a(lib_a-mallocr.o)
                                                  c:/program files (x86)/atmel/studio/7.0/toolchain/arm/arm-gnu-toolchain/bin/../lib/gcc/arm-none-eabi/6.3.1/../../../../arm-none-eabi/lib/thumb/v7e-m\libc.a(lib_a-freer.o)
__malloc_unlock                                   c:/program files (x86)/atmel/studio/7.0/toolchain/arm/arm-gnu-toolchain/bin/../lib/gcc/arm-none-eabi/6.3.1/../../../../arm-none-eabi/lib/thumb/v7e-m\libc.a(lib_a-mlock.o)
                                                  c:/program files (x86)/atmel/studio/7.0/toolchain/arm/arm-gnu-toolchain/bin/../lib/gcc/arm-none-eabi/6.3.1/../../../../arm-none-eabi/lib/thumb/v7e-m\libc.a(lib_a-mallocr.o)
                                                  c:/program files (x86)/atmel/studio/7.0/toolchain/arm/arm-gnu-toolchain/bin/../lib/gcc/arm-none-eabi/6.3.1/../../../../arm-none-eabi/lib/thumb/v7e-m\libc.a(lib_a-freer.o)
__preinit_array_end                               c:/program files (x86)/atmel/studio/7.0/toolchain/arm/arm-gnu-toolchain/bin/../lib/gcc/arm-none-eabi/6.3.1/../../../../arm-none-eabi/lib/thumb/v7e-m\libc.a(lib_a-init.o)
__preinit_array_start                             c:/program files (x86)/atmel/studio/7.0/toolchain/arm/arm-gnu-toolchain/bin/../lib/gcc/arm-none-eabi/6.3.1/../../../../arm-none-eabi/lib/thumb/v7e-m\libc.a(lib_a-init.o)
__ram_end__                                       src/ASF/sam/utils/syscalls/gcc/syscalls.o
__register_exitproc                               c:/program files (x86)/atmel/studio/7.0/toolchain/arm/arm-gnu-toolchain/bin/../lib/gcc/arm-none-eabi/6.3.1/../../../../arm-none-eabi/lib/thumb/v7e-m\libc.a(lib_a-__atexit.o)
                                                  c:/program files (x86)/atmel/studio/7.0/toolchain/arm/arm-gnu-toolchain/bin/../lib/gcc/arm-none-eabi/6.3.1/../../../../arm-none-eabi/lib/thumb/v7e-m\libc.a(lib_a-atexit.o)
__register_frame_info                             c:/program files (x86)/atmel/studio/7.0/toolchain/arm/arm-gnu-toolchain/bin/../lib/gcc/arm-none-eabi/6.3.1/thumb/v7e-m/crtbegin.o
__retarget_lock_acquire                           c:/program files (x86)/atmel/studio/7.0/toolchain/arm/arm-gnu-toolchain/bin/../lib/gcc/arm-none-eabi/6.3.1/../../../../arm-none-eabi/lib/thumb/v7e-m\libc.a(lib_a-lock.o)
__retarget_lock_acquire_recursive                 c:/program files (x86)/atmel/studio/7.0/toolchain/arm/arm-gnu-toolchain/bin/../lib/gcc/arm-none-eabi/6.3.1/../../../../arm-none-eabi/lib/thumb/v7e-m\libc.a(lib_a-lock.o)
                                                  c:/program files (x86)/atmel/studio/7.0/toolchain/arm/arm-gnu-toolchain/bin/../lib/gcc/arm-none-eabi/6.3.1/../../../../arm-none-eabi/lib/thumb/v7e-m\libc.a(lib_a-fclose.o)
                                                  c:/program files (x86)/atmel/studio/7.0/toolchain/arm/arm-gnu-toolchain/bin/../lib/gcc/arm-none-eabi/6.3.1/../../../../arm-none-eabi/lib/thumb/v7e-m\libc.a(lib_a-__atexit.o)
                                                  c:/program files (x86)/atmel/studio/7.0/toolchain/arm/arm-gnu-toolchain/bin/../lib/gcc/arm-none-eabi/6.3.1/../../../../arm-none-eabi/lib/thumb/v7e-m\libc.a(lib_a-mlock.o)
                                                  c:/program files (x86)/atmel/studio/7.0/toolchain/arm/arm-gnu-toolchain/bin/../lib/gcc/arm-none-eabi/6.3.1/../../../../arm-none-eabi/lib/thumb/v7e-m\libc.a(lib_a-findfp.o)
                                                  c:/program files (x86)/atmel/studio/7.0/toolchain/arm/arm-gnu-toolchain/bin/../lib/gcc/arm-none-eabi/6.3.1/../../../../arm-none-eabi/lib/thumb/v7e-m\libc.a(lib_a-fflush.o)
                                                  c:/program files (x86)/atmel/studio/7.0/toolchain/arm/arm-gnu-toolchain/bin/../lib/gcc/arm-none-eabi/6.3.1/../../../../arm-none-eabi/lib/thumb/v7e-m\libc.a(lib_a-__call_atexit.o)
                                                  c:/program files (x86)/atmel/studio/7.0/toolchain/arm/arm-gnu-toolchain/bin/../lib/gcc/arm-none-eabi/6.3.1/../../../../arm-none-eabi/lib/thumb/v7e-m\libc.a(lib_a-setvbuf.o)
__retarget_lock_close                             c:/program files (x86)/atmel/studio/7.0/toolchain/arm/arm-gnu-toolchain/bin/../lib/gcc/arm-none-eabi/6.3.1/../../../../arm-none-eabi/lib/thumb/v7e-m\libc.a(lib_a-lock.o)
__retarget_lock_close_recursive                   c:/program files (x86)/atmel/studio/7.0/toolchain/arm/arm-gnu-toolchain/bin/../lib/gcc/arm-none-eabi/6.3.1/../../../../arm-none-eabi/lib/thumb/v7e-m\libc.a(lib_a-lock.o)